Archive member included to satisfy reference by file (symbol)

/opt/Atollic_TrueSTUDIO_for_STM32_x86_64_9.0.1/ARMTools/bin/../lib/gcc/arm-atollic-eabi/6.3.1/../../../../arm-atollic-eabi/lib/armv7-m/libc_nano.a(lib_a-init.o)
                              startup/startup_stm32l152xe.o (__libc_init_array)

Allocating common symbols
Common symbol       size              file

uwTick              0x4               Drivers/STM32L1xx_HAL_Driver/Src/stm32l1xx_hal.o
pFlash              0x18              Drivers/STM32L1xx_HAL_Driver/Src/stm32l1xx_hal_flash.o
huart1              0x40              Src/main.o
huart4              0x40              Src/main.o

Discarded input sections

 .text          0x0000000000000000        0x0 /opt/Atollic_TrueSTUDIO_for_STM32_x86_64_9.0.1/ARMTools/bin/../lib/gcc/arm-atollic-eabi/6.3.1/armv7-m/crti.o
 .data          0x0000000000000000        0x0 /opt/Atollic_TrueSTUDIO_for_STM32_x86_64_9.0.1/ARMTools/bin/../lib/gcc/arm-atollic-eabi/6.3.1/armv7-m/crti.o
 .bss           0x0000000000000000        0x0 /opt/Atollic_TrueSTUDIO_for_STM32_x86_64_9.0.1/ARMTools/bin/../lib/gcc/arm-atollic-eabi/6.3.1/armv7-m/crti.o
 .data          0x0000000000000000        0x4 /opt/Atollic_TrueSTUDIO_for_STM32_x86_64_9.0.1/ARMTools/bin/../lib/gcc/arm-atollic-eabi/6.3.1/armv7-m/crtbegin.o
 .text          0x0000000000000000        0x0 Drivers/STM32L1xx_HAL_Driver/Src/stm32l1xx_hal.o
 .data          0x0000000000000000        0x0 Drivers/STM32L1xx_HAL_Driver/Src/stm32l1xx_hal.o
 .bss           0x0000000000000000        0x0 Drivers/STM32L1xx_HAL_Driver/Src/stm32l1xx_hal.o
 .text.HAL_MspInit
                0x0000000000000000        0x2 Drivers/STM32L1xx_HAL_Driver/Src/stm32l1xx_hal.o
 .text.HAL_MspDeInit
                0x0000000000000000        0x2 Drivers/STM32L1xx_HAL_Driver/Src/stm32l1xx_hal.o
 .text.HAL_DeInit
                0x0000000000000000       0x24 Drivers/STM32L1xx_HAL_Driver/Src/stm32l1xx_hal.o
 .text.HAL_SuspendTick
                0x0000000000000000       0x10 Drivers/STM32L1xx_HAL_Driver/Src/stm32l1xx_hal.o
 .text.HAL_ResumeTick
                0x0000000000000000       0x10 Drivers/STM32L1xx_HAL_Driver/Src/stm32l1xx_hal.o
 .text.HAL_GetHalVersion
                0x0000000000000000        0x8 Drivers/STM32L1xx_HAL_Driver/Src/stm32l1xx_hal.o
 .text.HAL_GetREVID
                0x0000000000000000        0xc Drivers/STM32L1xx_HAL_Driver/Src/stm32l1xx_hal.o
 .text.HAL_GetDEVID
                0x0000000000000000       0x10 Drivers/STM32L1xx_HAL_Driver/Src/stm32l1xx_hal.o
 .text.HAL_DBGMCU_EnableDBGSleepMode
                0x0000000000000000       0x10 Drivers/STM32L1xx_HAL_Driver/Src/stm32l1xx_hal.o
 .text.HAL_DBGMCU_DisableDBGSleepMode
                0x0000000000000000       0x10 Drivers/STM32L1xx_HAL_Driver/Src/stm32l1xx_hal.o
 .text.HAL_DBGMCU_EnableDBGStopMode
                0x0000000000000000       0x10 Drivers/STM32L1xx_HAL_Driver/Src/stm32l1xx_hal.o
 .text.HAL_DBGMCU_DisableDBGStopMode
                0x0000000000000000       0x10 Drivers/STM32L1xx_HAL_Driver/Src/stm32l1xx_hal.o
 .text.HAL_DBGMCU_EnableDBGStandbyMode
                0x0000000000000000       0x10 Drivers/STM32L1xx_HAL_Driver/Src/stm32l1xx_hal.o
 .text.HAL_DBGMCU_DisableDBGStandbyMode
                0x0000000000000000       0x10 Drivers/STM32L1xx_HAL_Driver/Src/stm32l1xx_hal.o
 .text          0x0000000000000000        0x0 Drivers/STM32L1xx_HAL_Driver/Src/stm32l1xx_hal_cortex.o
 .data          0x0000000000000000        0x0 Drivers/STM32L1xx_HAL_Driver/Src/stm32l1xx_hal_cortex.o
 .bss           0x0000000000000000        0x0 Drivers/STM32L1xx_HAL_Driver/Src/stm32l1xx_hal_cortex.o
 .text.HAL_NVIC_EnableIRQ
                0x0000000000000000       0x18 Drivers/STM32L1xx_HAL_Driver/Src/stm32l1xx_hal_cortex.o
 .text.HAL_NVIC_DisableIRQ
                0x0000000000000000       0x1c Drivers/STM32L1xx_HAL_Driver/Src/stm32l1xx_hal_cortex.o
 .text.HAL_NVIC_SystemReset
                0x0000000000000000       0x24 Drivers/STM32L1xx_HAL_Driver/Src/stm32l1xx_hal_cortex.o
 .text.HAL_MPU_Enable
                0x0000000000000000       0x18 Drivers/STM32L1xx_HAL_Driver/Src/stm32l1xx_hal_cortex.o
 .text.HAL_MPU_Disable
                0x0000000000000000       0x10 Drivers/STM32L1xx_HAL_Driver/Src/stm32l1xx_hal_cortex.o
 .text.HAL_MPU_ConfigRegion
                0x0000000000000000       0x50 Drivers/STM32L1xx_HAL_Driver/Src/stm32l1xx_hal_cortex.o
 .text.HAL_NVIC_GetPriorityGrouping
                0x0000000000000000       0x10 Drivers/STM32L1xx_HAL_Driver/Src/stm32l1xx_hal_cortex.o
 .text.HAL_NVIC_GetPriority
                0x0000000000000000       0x5c Drivers/STM32L1xx_HAL_Driver/Src/stm32l1xx_hal_cortex.o
 .text.HAL_NVIC_SetPendingIRQ
                0x0000000000000000       0x1c Drivers/STM32L1xx_HAL_Driver/Src/stm32l1xx_hal_cortex.o
 .text.HAL_NVIC_GetPendingIRQ
                0x0000000000000000       0x1c Drivers/STM32L1xx_HAL_Driver/Src/stm32l1xx_hal_cortex.o
 .text.HAL_NVIC_ClearPendingIRQ
                0x0000000000000000       0x1c Drivers/STM32L1xx_HAL_Driver/Src/stm32l1xx_hal_cortex.o
 .text.HAL_NVIC_GetActive
                0x0000000000000000       0x1c Drivers/STM32L1xx_HAL_Driver/Src/stm32l1xx_hal_cortex.o
 .text          0x0000000000000000        0x0 Drivers/STM32L1xx_HAL_Driver/Src/stm32l1xx_hal_dma.o
 .data          0x0000000000000000        0x0 Drivers/STM32L1xx_HAL_Driver/Src/stm32l1xx_hal_dma.o
 .bss           0x0000000000000000        0x0 Drivers/STM32L1xx_HAL_Driver/Src/stm32l1xx_hal_dma.o
 .text.HAL_DMA_Init
                0x0000000000000000       0x90 Drivers/STM32L1xx_HAL_Driver/Src/stm32l1xx_hal_dma.o
 .text.HAL_DMA_DeInit
                0x0000000000000000       0x70 Drivers/STM32L1xx_HAL_Driver/Src/stm32l1xx_hal_dma.o
 .text.HAL_DMA_Start
                0x0000000000000000       0x5e Drivers/STM32L1xx_HAL_Driver/Src/stm32l1xx_hal_dma.o
 .text.HAL_DMA_Start_IT
                0x0000000000000000       0x7c Drivers/STM32L1xx_HAL_Driver/Src/stm32l1xx_hal_dma.o
 .text.HAL_DMA_Abort
                0x0000000000000000       0x2c Drivers/STM32L1xx_HAL_Driver/Src/stm32l1xx_hal_dma.o
 .text.HAL_DMA_Abort_IT
                0x0000000000000000       0x48 Drivers/STM32L1xx_HAL_Driver/Src/stm32l1xx_hal_dma.o
 .text.HAL_DMA_PollForTransfer
                0x0000000000000000       0xc6 Drivers/STM32L1xx_HAL_Driver/Src/stm32l1xx_hal_dma.o
 .text.HAL_DMA_IRQHandler
                0x0000000000000000       0x90 Drivers/STM32L1xx_HAL_Driver/Src/stm32l1xx_hal_dma.o
 .text.HAL_DMA_RegisterCallback
                0x0000000000000000       0x46 Drivers/STM32L1xx_HAL_Driver/Src/stm32l1xx_hal_dma.o
 .text.HAL_DMA_UnRegisterCallback
                0x0000000000000000       0x4e Drivers/STM32L1xx_HAL_Driver/Src/stm32l1xx_hal_dma.o
 .text.HAL_DMA_GetState
                0x0000000000000000        0x6 Drivers/STM32L1xx_HAL_Driver/Src/stm32l1xx_hal_dma.o
 .text.HAL_DMA_GetError
                0x0000000000000000        0x4 Drivers/STM32L1xx_HAL_Driver/Src/stm32l1xx_hal_dma.o
 .debug_info    0x0000000000000000     0x1026 Drivers/STM32L1xx_HAL_Driver/Src/stm32l1xx_hal_dma.o
 .debug_abbrev  0x0000000000000000      0x29e Drivers/STM32L1xx_HAL_Driver/Src/stm32l1xx_hal_dma.o
 .debug_loc     0x0000000000000000      0x5c6 Drivers/STM32L1xx_HAL_Driver/Src/stm32l1xx_hal_dma.o
 .debug_aranges
                0x0000000000000000       0x78 Drivers/STM32L1xx_HAL_Driver/Src/stm32l1xx_hal_dma.o
 .debug_ranges  0x0000000000000000       0xa8 Drivers/STM32L1xx_HAL_Driver/Src/stm32l1xx_hal_dma.o
 .debug_line    0x0000000000000000      0x54c Drivers/STM32L1xx_HAL_Driver/Src/stm32l1xx_hal_dma.o
 .debug_str     0x0000000000000000      0xa81 Drivers/STM32L1xx_HAL_Driver/Src/stm32l1xx_hal_dma.o
 .comment       0x0000000000000000       0x7d Drivers/STM32L1xx_HAL_Driver/Src/stm32l1xx_hal_dma.o
 .debug_frame   0x0000000000000000      0x13c Drivers/STM32L1xx_HAL_Driver/Src/stm32l1xx_hal_dma.o
 .ARM.attributes
                0x0000000000000000       0x33 Drivers/STM32L1xx_HAL_Driver/Src/stm32l1xx_hal_dma.o
 .text          0x0000000000000000        0x0 Drivers/STM32L1xx_HAL_Driver/Src/stm32l1xx_hal_flash.o
 .data          0x0000000000000000        0x0 Drivers/STM32L1xx_HAL_Driver/Src/stm32l1xx_hal_flash.o
 .bss           0x0000000000000000        0x0 Drivers/STM32L1xx_HAL_Driver/Src/stm32l1xx_hal_flash.o
 .text.FLASH_SetErrorCode
                0x0000000000000000       0x64 Drivers/STM32L1xx_HAL_Driver/Src/stm32l1xx_hal_flash.o
 .text.HAL_FLASH_Program_IT
                0x0000000000000000       0x3c Drivers/STM32L1xx_HAL_Driver/Src/stm32l1xx_hal_flash.o
 .text.HAL_FLASH_EndOfOperationCallback
                0x0000000000000000        0x2 Drivers/STM32L1xx_HAL_Driver/Src/stm32l1xx_hal_flash.o
 .text.HAL_FLASH_OperationErrorCallback
                0x0000000000000000        0x2 Drivers/STM32L1xx_HAL_Driver/Src/stm32l1xx_hal_flash.o
 .text.HAL_FLASH_IRQHandler
                0x0000000000000000       0xcc Drivers/STM32L1xx_HAL_Driver/Src/stm32l1xx_hal_flash.o
 .text.HAL_FLASH_Unlock
                0x0000000000000000       0x40 Drivers/STM32L1xx_HAL_Driver/Src/stm32l1xx_hal_flash.o
 .text.HAL_FLASH_Lock
                0x0000000000000000       0x14 Drivers/STM32L1xx_HAL_Driver/Src/stm32l1xx_hal_flash.o
 .text.HAL_FLASH_OB_Unlock
                0x0000000000000000       0x40 Drivers/STM32L1xx_HAL_Driver/Src/stm32l1xx_hal_flash.o
 .text.HAL_FLASH_OB_Lock
                0x0000000000000000       0x14 Drivers/STM32L1xx_HAL_Driver/Src/stm32l1xx_hal_flash.o
 .text.HAL_FLASH_GetError
                0x0000000000000000        0xc Drivers/STM32L1xx_HAL_Driver/Src/stm32l1xx_hal_flash.o
 .text.FLASH_WaitForLastOperation
                0x0000000000000000       0x5c Drivers/STM32L1xx_HAL_Driver/Src/stm32l1xx_hal_flash.o
 .text.HAL_FLASH_Program
                0x0000000000000000       0x38 Drivers/STM32L1xx_HAL_Driver/Src/stm32l1xx_hal_flash.o
 .text.HAL_FLASH_OB_Launch
                0x0000000000000000       0x18 Drivers/STM32L1xx_HAL_Driver/Src/stm32l1xx_hal_flash.o
 .debug_info    0x0000000000000000      0xdea Drivers/STM32L1xx_HAL_Driver/Src/stm32l1xx_hal_flash.o
 .debug_abbrev  0x0000000000000000      0x328 Drivers/STM32L1xx_HAL_Driver/Src/stm32l1xx_hal_flash.o
 .debug_loc     0x0000000000000000      0x199 Drivers/STM32L1xx_HAL_Driver/Src/stm32l1xx_hal_flash.o
 .debug_aranges
                0x0000000000000000       0x78 Drivers/STM32L1xx_HAL_Driver/Src/stm32l1xx_hal_flash.o
 .debug_ranges  0x0000000000000000       0x68 Drivers/STM32L1xx_HAL_Driver/Src/stm32l1xx_hal_flash.o
 .debug_line    0x0000000000000000      0x469 Drivers/STM32L1xx_HAL_Driver/Src/stm32l1xx_hal_flash.o
 .debug_str     0x0000000000000000      0x918 Drivers/STM32L1xx_HAL_Driver/Src/stm32l1xx_hal_flash.o
 .comment       0x0000000000000000       0x7d Drivers/STM32L1xx_HAL_Driver/Src/stm32l1xx_hal_flash.o
 .debug_frame   0x0000000000000000      0x114 Drivers/STM32L1xx_HAL_Driver/Src/stm32l1xx_hal_flash.o
 .ARM.attributes
                0x0000000000000000       0x33 Drivers/STM32L1xx_HAL_Driver/Src/stm32l1xx_hal_flash.o
 COMMON         0x0000000000000000       0x18 Drivers/STM32L1xx_HAL_Driver/Src/stm32l1xx_hal_flash.o
 .text          0x0000000000000000        0x0 Drivers/STM32L1xx_HAL_Driver/Src/stm32l1xx_hal_flash_ex.o
 .data          0x0000000000000000        0x0 Drivers/STM32L1xx_HAL_Driver/Src/stm32l1xx_hal_flash_ex.o
 .bss           0x0000000000000000        0x0 Drivers/STM32L1xx_HAL_Driver/Src/stm32l1xx_hal_flash_ex.o
 .text.HAL_FLASHEx_OBProgram
                0x0000000000000000      0x24c Drivers/STM32L1xx_HAL_Driver/Src/stm32l1xx_hal_flash_ex.o
 .text.HAL_FLASHEx_OBGetConfig
                0x0000000000000000       0x38 Drivers/STM32L1xx_HAL_Driver/Src/stm32l1xx_hal_flash_ex.o
 .text.HAL_FLASHEx_AdvOBProgram
                0x0000000000000000       0x48 Drivers/STM32L1xx_HAL_Driver/Src/stm32l1xx_hal_flash_ex.o
 .text.HAL_FLASHEx_AdvOBGetConfig
                0x0000000000000000       0x18 Drivers/STM32L1xx_HAL_Driver/Src/stm32l1xx_hal_flash_ex.o
 .text.HAL_FLASHEx_DATAEEPROM_Unlock
                0x0000000000000000       0x24 Drivers/STM32L1xx_HAL_Driver/Src/stm32l1xx_hal_flash_ex.o
 .text.HAL_FLASHEx_DATAEEPROM_Lock
                0x0000000000000000       0x14 Drivers/STM32L1xx_HAL_Driver/Src/stm32l1xx_hal_flash_ex.o
 .text.HAL_FLASHEx_DATAEEPROM_Erase
                0x0000000000000000       0x3c Drivers/STM32L1xx_HAL_Driver/Src/stm32l1xx_hal_flash_ex.o
 .text.HAL_FLASHEx_DATAEEPROM_Program
                0x0000000000000000       0xd4 Drivers/STM32L1xx_HAL_Driver/Src/stm32l1xx_hal_flash_ex.o
 .text.HAL_FLASHEx_DATAEEPROM_EnableFixedTimeProgram
                0x0000000000000000       0x10 Drivers/STM32L1xx_HAL_Driver/Src/stm32l1xx_hal_flash_ex.o
 .text.HAL_FLASHEx_DATAEEPROM_DisableFixedTimeProgram
                0x0000000000000000       0x10 Drivers/STM32L1xx_HAL_Driver/Src/stm32l1xx_hal_flash_ex.o
 .text.FLASH_PageErase
                0x0000000000000000       0x28 Drivers/STM32L1xx_HAL_Driver/Src/stm32l1xx_hal_flash_ex.o
 .text.HAL_FLASHEx_Erase
                0x0000000000000000       0x80 Drivers/STM32L1xx_HAL_Driver/Src/stm32l1xx_hal_flash_ex.o
 .text.HAL_FLASHEx_Erase_IT
                0x0000000000000000       0x5c Drivers/STM32L1xx_HAL_Driver/Src/stm32l1xx_hal_flash_ex.o
 .debug_info    0x0000000000000000     0x1b7f Drivers/STM32L1xx_HAL_Driver/Src/stm32l1xx_hal_flash_ex.o
 .debug_abbrev  0x0000000000000000      0x395 Drivers/STM32L1xx_HAL_Driver/Src/stm32l1xx_hal_flash_ex.o
 .debug_loc     0x0000000000000000     0x1129 Drivers/STM32L1xx_HAL_Driver/Src/stm32l1xx_hal_flash_ex.o
 .debug_aranges
                0x0000000000000000       0x80 Drivers/STM32L1xx_HAL_Driver/Src/stm32l1xx_hal_flash_ex.o
 .debug_ranges  0x0000000000000000      0x178 Drivers/STM32L1xx_HAL_Driver/Src/stm32l1xx_hal_flash_ex.o
 .debug_line    0x0000000000000000      0x626 Drivers/STM32L1xx_HAL_Driver/Src/stm32l1xx_hal_flash_ex.o
 .debug_str     0x0000000000000000      0xd52 Drivers/STM32L1xx_HAL_Driver/Src/stm32l1xx_hal_flash_ex.o
 .comment       0x0000000000000000       0x7d Drivers/STM32L1xx_HAL_Driver/Src/stm32l1xx_hal_flash_ex.o
 .debug_frame   0x0000000000000000      0x154 Drivers/STM32L1xx_HAL_Driver/Src/stm32l1xx_hal_flash_ex.o
 .ARM.attributes
                0x0000000000000000       0x33 Drivers/STM32L1xx_HAL_Driver/Src/stm32l1xx_hal_flash_ex.o
 .text          0x0000000000000000        0x0 Drivers/STM32L1xx_HAL_Driver/Src/stm32l1xx_hal_flash_ramfunc.o
 .data          0x0000000000000000        0x0 Drivers/STM32L1xx_HAL_Driver/Src/stm32l1xx_hal_flash_ramfunc.o
 .bss           0x0000000000000000        0x0 Drivers/STM32L1xx_HAL_Driver/Src/stm32l1xx_hal_flash_ramfunc.o
 .RamFunc       0x0000000000000000      0x2f8 Drivers/STM32L1xx_HAL_Driver/Src/stm32l1xx_hal_flash_ramfunc.o
 .debug_info    0x0000000000000000      0xea4 Drivers/STM32L1xx_HAL_Driver/Src/stm32l1xx_hal_flash_ramfunc.o
 .debug_abbrev  0x0000000000000000      0x2b3 Drivers/STM32L1xx_HAL_Driver/Src/stm32l1xx_hal_flash_ramfunc.o
 .debug_loc     0x0000000000000000      0x354 Drivers/STM32L1xx_HAL_Driver/Src/stm32l1xx_hal_flash_ramfunc.o
 .debug_aranges
                0x0000000000000000       0x60 Drivers/STM32L1xx_HAL_Driver/Src/stm32l1xx_hal_flash_ramfunc.o
 .debug_ranges  0x0000000000000000       0x68 Drivers/STM32L1xx_HAL_Driver/Src/stm32l1xx_hal_flash_ramfunc.o
 .debug_line    0x0000000000000000      0x39e Drivers/STM32L1xx_HAL_Driver/Src/stm32l1xx_hal_flash_ramfunc.o
 .debug_str     0x0000000000000000      0x992 Drivers/STM32L1xx_HAL_Driver/Src/stm32l1xx_hal_flash_ramfunc.o
 .comment       0x0000000000000000       0x7d Drivers/STM32L1xx_HAL_Driver/Src/stm32l1xx_hal_flash_ramfunc.o
 .debug_frame   0x0000000000000000       0xe4 Drivers/STM32L1xx_HAL_Driver/Src/stm32l1xx_hal_flash_ramfunc.o
 .ARM.attributes
                0x0000000000000000       0x33 Drivers/STM32L1xx_HAL_Driver/Src/stm32l1xx_hal_flash_ramfunc.o
 .text          0x0000000000000000        0x0 Drivers/STM32L1xx_HAL_Driver/Src/stm32l1xx_hal_gpio.o
 .data          0x0000000000000000        0x0 Drivers/STM32L1xx_HAL_Driver/Src/stm32l1xx_hal_gpio.o
 .bss           0x0000000000000000        0x0 Drivers/STM32L1xx_HAL_Driver/Src/stm32l1xx_hal_gpio.o
 .text.HAL_GPIO_DeInit
                0x0000000000000000      0x128 Drivers/STM32L1xx_HAL_Driver/Src/stm32l1xx_hal_gpio.o
 .text.HAL_GPIO_ReadPin
                0x0000000000000000        0xc Drivers/STM32L1xx_HAL_Driver/Src/stm32l1xx_hal_gpio.o
 .text.HAL_GPIO_TogglePin
                0x0000000000000000        0x8 Drivers/STM32L1xx_HAL_Driver/Src/stm32l1xx_hal_gpio.o
 .text.HAL_GPIO_LockPin
                0x0000000000000000       0x2a Drivers/STM32L1xx_HAL_Driver/Src/stm32l1xx_hal_gpio.o
 .text.HAL_GPIO_EXTI_Callback
                0x0000000000000000        0x2 Drivers/STM32L1xx_HAL_Driver/Src/stm32l1xx_hal_gpio.o
 .text.HAL_GPIO_EXTI_IRQHandler
                0x0000000000000000       0x18 Drivers/STM32L1xx_HAL_Driver/Src/stm32l1xx_hal_gpio.o
 .text          0x0000000000000000        0x0 Drivers/STM32L1xx_HAL_Driver/Src/stm32l1xx_hal_pwr.o
 .data          0x0000000000000000        0x0 Drivers/STM32L1xx_HAL_Driver/Src/stm32l1xx_hal_pwr.o
 .bss           0x0000000000000000        0x0 Drivers/STM32L1xx_HAL_Driver/Src/stm32l1xx_hal_pwr.o
 .text.HAL_PWR_DeInit
                0x0000000000000000       0x18 Drivers/STM32L1xx_HAL_Driver/Src/stm32l1xx_hal_pwr.o
 .text.HAL_PWR_EnableBkUpAccess
                0x0000000000000000       0x1c Drivers/STM32L1xx_HAL_Driver/Src/stm32l1xx_hal_pwr.o
 .text.HAL_PWR_DisableBkUpAccess
                0x0000000000000000       0x1c Drivers/STM32L1xx_HAL_Driver/Src/stm32l1xx_hal_pwr.o
 .text.HAL_PWR_ConfigPVD
                0x0000000000000000       0x6c Drivers/STM32L1xx_HAL_Driver/Src/stm32l1xx_hal_pwr.o
 .text.HAL_PWR_EnablePVD
                0x0000000000000000       0x1a Drivers/STM32L1xx_HAL_Driver/Src/stm32l1xx_hal_pwr.o
 .text.HAL_PWR_DisablePVD
                0x0000000000000000       0x1a Drivers/STM32L1xx_HAL_Driver/Src/stm32l1xx_hal_pwr.o
 .text.HAL_PWR_EnableWakeUpPin
                0x0000000000000000       0x18 Drivers/STM32L1xx_HAL_Driver/Src/stm32l1xx_hal_pwr.o
 .text.HAL_PWR_DisableWakeUpPin
                0x0000000000000000       0x18 Drivers/STM32L1xx_HAL_Driver/Src/stm32l1xx_hal_pwr.o
 .text.HAL_PWR_EnterSLEEPMode
                0x0000000000000000       0x30 Drivers/STM32L1xx_HAL_Driver/Src/stm32l1xx_hal_pwr.o
 .text.HAL_PWR_EnterSTOPMode
                0x0000000000000000       0x38 Drivers/STM32L1xx_HAL_Driver/Src/stm32l1xx_hal_pwr.o
 .text.HAL_PWR_EnterSTANDBYMode
                0x0000000000000000       0x20 Drivers/STM32L1xx_HAL_Driver/Src/stm32l1xx_hal_pwr.o
 .text.HAL_PWR_EnableSleepOnExit
                0x0000000000000000       0x10 Drivers/STM32L1xx_HAL_Driver/Src/stm32l1xx_hal_pwr.o
 .text.HAL_PWR_DisableSleepOnExit
                0x0000000000000000       0x10 Drivers/STM32L1xx_HAL_Driver/Src/stm32l1xx_hal_pwr.o
 .text.HAL_PWR_EnableSEVOnPend
                0x0000000000000000       0x10 Drivers/STM32L1xx_HAL_Driver/Src/stm32l1xx_hal_pwr.o
 .text.HAL_PWR_DisableSEVOnPend
                0x0000000000000000       0x10 Drivers/STM32L1xx_HAL_Driver/Src/stm32l1xx_hal_pwr.o
 .text.HAL_PWR_PVDCallback
                0x0000000000000000        0x2 Drivers/STM32L1xx_HAL_Driver/Src/stm32l1xx_hal_pwr.o
 .text.HAL_PWR_PVD_IRQHandler
                0x0000000000000000       0x1c Drivers/STM32L1xx_HAL_Driver/Src/stm32l1xx_hal_pwr.o
 .debug_info    0x0000000000000000     0x105d Drivers/STM32L1xx_HAL_Driver/Src/stm32l1xx_hal_pwr.o
 .debug_abbrev  0x0000000000000000      0x29d Drivers/STM32L1xx_HAL_Driver/Src/stm32l1xx_hal_pwr.o
 .debug_loc     0x0000000000000000      0x11f Drivers/STM32L1xx_HAL_Driver/Src/stm32l1xx_hal_pwr.o
 .debug_aranges
                0x0000000000000000       0xa0 Drivers/STM32L1xx_HAL_Driver/Src/stm32l1xx_hal_pwr.o
 .debug_ranges  0x0000000000000000       0x90 Drivers/STM32L1xx_HAL_Driver/Src/stm32l1xx_hal_pwr.o
 .debug_line    0x0000000000000000      0x42e Drivers/STM32L1xx_HAL_Driver/Src/stm32l1xx_hal_pwr.o
 .debug_str     0x0000000000000000      0x935 Drivers/STM32L1xx_HAL_Driver/Src/stm32l1xx_hal_pwr.o
 .comment       0x0000000000000000       0x7d Drivers/STM32L1xx_HAL_Driver/Src/stm32l1xx_hal_pwr.o
 .debug_frame   0x0000000000000000      0x128 Drivers/STM32L1xx_HAL_Driver/Src/stm32l1xx_hal_pwr.o
 .ARM.attributes
                0x0000000000000000       0x33 Drivers/STM32L1xx_HAL_Driver/Src/stm32l1xx_hal_pwr.o
 .text          0x0000000000000000        0x0 Drivers/STM32L1xx_HAL_Driver/Src/stm32l1xx_hal_pwr_ex.o
 .data          0x0000000000000000        0x0 Drivers/STM32L1xx_HAL_Driver/Src/stm32l1xx_hal_pwr_ex.o
 .bss           0x0000000000000000        0x0 Drivers/STM32L1xx_HAL_Driver/Src/stm32l1xx_hal_pwr_ex.o
 .text.HAL_PWREx_GetVoltageRange
                0x0000000000000000       0x10 Drivers/STM32L1xx_HAL_Driver/Src/stm32l1xx_hal_pwr_ex.o
 .text.HAL_PWREx_EnableFastWakeUp
                0x0000000000000000       0x1c Drivers/STM32L1xx_HAL_Driver/Src/stm32l1xx_hal_pwr_ex.o
 .text.HAL_PWREx_DisableFastWakeUp
                0x0000000000000000       0x1c Drivers/STM32L1xx_HAL_Driver/Src/stm32l1xx_hal_pwr_ex.o
 .text.HAL_PWREx_EnableUltraLowPower
                0x0000000000000000       0x1c Drivers/STM32L1xx_HAL_Driver/Src/stm32l1xx_hal_pwr_ex.o
 .text.HAL_PWREx_DisableUltraLowPower
                0x0000000000000000       0x1c Drivers/STM32L1xx_HAL_Driver/Src/stm32l1xx_hal_pwr_ex.o
 .text.HAL_PWREx_EnableLowPowerRunMode
                0x0000000000000000       0x30 Drivers/STM32L1xx_HAL_Driver/Src/stm32l1xx_hal_pwr_ex.o
 .text.HAL_PWREx_DisableLowPowerRunMode
                0x0000000000000000       0x32 Drivers/STM32L1xx_HAL_Driver/Src/stm32l1xx_hal_pwr_ex.o
 .debug_info    0x0000000000000000      0xbd7 Drivers/STM32L1xx_HAL_Driver/Src/stm32l1xx_hal_pwr_ex.o
 .debug_abbrev  0x0000000000000000      0x239 Drivers/STM32L1xx_HAL_Driver/Src/stm32l1xx_hal_pwr_ex.o
 .debug_loc     0x0000000000000000       0xac Drivers/STM32L1xx_HAL_Driver/Src/stm32l1xx_hal_pwr_ex.o
 .debug_aranges
                0x0000000000000000       0x50 Drivers/STM32L1xx_HAL_Driver/Src/stm32l1xx_hal_pwr_ex.o
 .debug_ranges  0x0000000000000000       0x40 Drivers/STM32L1xx_HAL_Driver/Src/stm32l1xx_hal_pwr_ex.o
 .debug_line    0x0000000000000000      0x35d Drivers/STM32L1xx_HAL_Driver/Src/stm32l1xx_hal_pwr_ex.o
 .debug_str     0x0000000000000000      0x774 Drivers/STM32L1xx_HAL_Driver/Src/stm32l1xx_hal_pwr_ex.o
 .comment       0x0000000000000000       0x7d Drivers/STM32L1xx_HAL_Driver/Src/stm32l1xx_hal_pwr_ex.o
 .debug_frame   0x0000000000000000       0x80 Drivers/STM32L1xx_HAL_Driver/Src/stm32l1xx_hal_pwr_ex.o
 .ARM.attributes
                0x0000000000000000       0x33 Drivers/STM32L1xx_HAL_Driver/Src/stm32l1xx_hal_pwr_ex.o
 .text          0x0000000000000000        0x0 Drivers/STM32L1xx_HAL_Driver/Src/stm32l1xx_hal_rcc.o
 .data          0x0000000000000000        0x0 Drivers/STM32L1xx_HAL_Driver/Src/stm32l1xx_hal_rcc.o
 .bss           0x0000000000000000        0x0 Drivers/STM32L1xx_HAL_Driver/Src/stm32l1xx_hal_rcc.o
 .text.HAL_RCC_DeInit
                0x0000000000000000       0x70 Drivers/STM32L1xx_HAL_Driver/Src/stm32l1xx_hal_rcc.o
 .text.HAL_RCC_MCOConfig
                0x0000000000000000       0x50 Drivers/STM32L1xx_HAL_Driver/Src/stm32l1xx_hal_rcc.o
 .text.HAL_RCC_EnableCSS
                0x0000000000000000       0x1c Drivers/STM32L1xx_HAL_Driver/Src/stm32l1xx_hal_rcc.o
 .text.HAL_RCC_DisableCSS
                0x0000000000000000       0x1c Drivers/STM32L1xx_HAL_Driver/Src/stm32l1xx_hal_rcc.o
 .text.HAL_RCC_GetOscConfig
                0x0000000000000000       0xbc Drivers/STM32L1xx_HAL_Driver/Src/stm32l1xx_hal_rcc.o
 .text.HAL_RCC_GetClockConfig
                0x0000000000000000       0x3c Drivers/STM32L1xx_HAL_Driver/Src/stm32l1xx_hal_rcc.o
 .text.HAL_RCC_CSSCallback
                0x0000000000000000        0x2 Drivers/STM32L1xx_HAL_Driver/Src/stm32l1xx_hal_rcc.o
 .text.HAL_RCC_NMI_IRQHandler
                0x0000000000000000       0x20 Drivers/STM32L1xx_HAL_Driver/Src/stm32l1xx_hal_rcc.o
 .text          0x0000000000000000        0x0 Drivers/STM32L1xx_HAL_Driver/Src/stm32l1xx_hal_rcc_ex.o
 .data          0x0000000000000000        0x0 Drivers/STM32L1xx_HAL_Driver/Src/stm32l1xx_hal_rcc_ex.o
 .bss           0x0000000000000000        0x0 Drivers/STM32L1xx_HAL_Driver/Src/stm32l1xx_hal_rcc_ex.o
 .text.HAL_RCCEx_PeriphCLKConfig
                0x0000000000000000      0x15c Drivers/STM32L1xx_HAL_Driver/Src/stm32l1xx_hal_rcc_ex.o
 .text.HAL_RCCEx_GetPeriphCLKConfig
                0x0000000000000000       0x28 Drivers/STM32L1xx_HAL_Driver/Src/stm32l1xx_hal_rcc_ex.o
 .text.HAL_RCCEx_GetPeriphCLKFreq
                0x0000000000000000       0x88 Drivers/STM32L1xx_HAL_Driver/Src/stm32l1xx_hal_rcc_ex.o
 .text.HAL_RCCEx_EnableLSECSS
                0x0000000000000000       0x1c Drivers/STM32L1xx_HAL_Driver/Src/stm32l1xx_hal_rcc_ex.o
 .text.HAL_RCCEx_DisableLSECSS
                0x0000000000000000       0x2c Drivers/STM32L1xx_HAL_Driver/Src/stm32l1xx_hal_rcc_ex.o
 .text.HAL_RCCEx_EnableLSECSS_IT
                0x0000000000000000       0x40 Drivers/STM32L1xx_HAL_Driver/Src/stm32l1xx_hal_rcc_ex.o
 .text.HAL_RCCEx_LSECSS_Callback
                0x0000000000000000        0x2 Drivers/STM32L1xx_HAL_Driver/Src/stm32l1xx_hal_rcc_ex.o
 .text.HAL_RCCEx_LSECSS_IRQHandler
                0x0000000000000000       0x20 Drivers/STM32L1xx_HAL_Driver/Src/stm32l1xx_hal_rcc_ex.o
 .debug_info    0x0000000000000000      0xe65 Drivers/STM32L1xx_HAL_Driver/Src/stm32l1xx_hal_rcc_ex.o
 .debug_abbrev  0x0000000000000000      0x311 Drivers/STM32L1xx_HAL_Driver/Src/stm32l1xx_hal_rcc_ex.o
 .debug_loc     0x0000000000000000      0x295 Drivers/STM32L1xx_HAL_Driver/Src/stm32l1xx_hal_rcc_ex.o
 .debug_aranges
                0x0000000000000000       0x58 Drivers/STM32L1xx_HAL_Driver/Src/stm32l1xx_hal_rcc_ex.o
 .debug_ranges  0x0000000000000000       0x90 Drivers/STM32L1xx_HAL_Driver/Src/stm32l1xx_hal_rcc_ex.o
 .debug_line    0x0000000000000000      0x445 Drivers/STM32L1xx_HAL_Driver/Src/stm32l1xx_hal_rcc_ex.o
 .debug_str     0x0000000000000000      0x8c2 Drivers/STM32L1xx_HAL_Driver/Src/stm32l1xx_hal_rcc_ex.o
 .comment       0x0000000000000000       0x7d Drivers/STM32L1xx_HAL_Driver/Src/stm32l1xx_hal_rcc_ex.o
 .debug_frame   0x0000000000000000       0xb0 Drivers/STM32L1xx_HAL_Driver/Src/stm32l1xx_hal_rcc_ex.o
 .ARM.attributes
                0x0000000000000000       0x33 Drivers/STM32L1xx_HAL_Driver/Src/stm32l1xx_hal_rcc_ex.o
 .text          0x0000000000000000        0x0 Drivers/STM32L1xx_HAL_Driver/Src/stm32l1xx_hal_tim.o
 .data          0x0000000000000000        0x0 Drivers/STM32L1xx_HAL_Driver/Src/stm32l1xx_hal_tim.o
 .bss           0x0000000000000000        0x0 Drivers/STM32L1xx_HAL_Driver/Src/stm32l1xx_hal_tim.o
 .debug_info    0x0000000000000000      0x947 Drivers/STM32L1xx_HAL_Driver/Src/stm32l1xx_hal_tim.o
 .debug_abbrev  0x0000000000000000      0x15c Drivers/STM32L1xx_HAL_Driver/Src/stm32l1xx_hal_tim.o
 .debug_aranges
                0x0000000000000000       0x18 Drivers/STM32L1xx_HAL_Driver/Src/stm32l1xx_hal_tim.o
 .debug_line    0x0000000000000000      0x1e2 Drivers/STM32L1xx_HAL_Driver/Src/stm32l1xx_hal_tim.o
 .debug_str     0x0000000000000000      0x63b Drivers/STM32L1xx_HAL_Driver/Src/stm32l1xx_hal_tim.o
 .comment       0x0000000000000000       0x7d Drivers/STM32L1xx_HAL_Driver/Src/stm32l1xx_hal_tim.o
 .ARM.attributes
                0x0000000000000000       0x33 Drivers/STM32L1xx_HAL_Driver/Src/stm32l1xx_hal_tim.o
 .text          0x0000000000000000        0x0 Drivers/STM32L1xx_HAL_Driver/Src/stm32l1xx_hal_tim_ex.o
 .data          0x0000000000000000        0x0 Drivers/STM32L1xx_HAL_Driver/Src/stm32l1xx_hal_tim_ex.o
 .bss           0x0000000000000000        0x0 Drivers/STM32L1xx_HAL_Driver/Src/stm32l1xx_hal_tim_ex.o
 .debug_info    0x0000000000000000      0x947 Drivers/STM32L1xx_HAL_Driver/Src/stm32l1xx_hal_tim_ex.o
 .debug_abbrev  0x0000000000000000      0x15c Drivers/STM32L1xx_HAL_Driver/Src/stm32l1xx_hal_tim_ex.o
 .debug_aranges
                0x0000000000000000       0x18 Drivers/STM32L1xx_HAL_Driver/Src/stm32l1xx_hal_tim_ex.o
 .debug_line    0x0000000000000000      0x1e2 Drivers/STM32L1xx_HAL_Driver/Src/stm32l1xx_hal_tim_ex.o
 .debug_str     0x0000000000000000      0x63e Drivers/STM32L1xx_HAL_Driver/Src/stm32l1xx_hal_tim_ex.o
 .comment       0x0000000000000000       0x7d Drivers/STM32L1xx_HAL_Driver/Src/stm32l1xx_hal_tim_ex.o
 .ARM.attributes
                0x0000000000000000       0x33 Drivers/STM32L1xx_HAL_Driver/Src/stm32l1xx_hal_tim_ex.o
 .text          0x0000000000000000        0x0 Drivers/STM32L1xx_HAL_Driver/Src/stm32l1xx_hal_uart.o
 .data          0x0000000000000000        0x0 Drivers/STM32L1xx_HAL_Driver/Src/stm32l1xx_hal_uart.o
 .bss           0x0000000000000000        0x0 Drivers/STM32L1xx_HAL_Driver/Src/stm32l1xx_hal_uart.o
 .text.HAL_UART_MspInit
                0x0000000000000000        0x2 Drivers/STM32L1xx_HAL_Driver/Src/stm32l1xx_hal_uart.o
 .text.HAL_HalfDuplex_Init
                0x0000000000000000       0x60 Drivers/STM32L1xx_HAL_Driver/Src/stm32l1xx_hal_uart.o
 .text.HAL_LIN_Init
                0x0000000000000000       0x6c Drivers/STM32L1xx_HAL_Driver/Src/stm32l1xx_hal_uart.o
 .text.HAL_MultiProcessor_Init
                0x0000000000000000       0x72 Drivers/STM32L1xx_HAL_Driver/Src/stm32l1xx_hal_uart.o
 .text.HAL_UART_MspDeInit
                0x0000000000000000        0x2 Drivers/STM32L1xx_HAL_Driver/Src/stm32l1xx_hal_uart.o
 .text.HAL_UART_DeInit
                0x0000000000000000       0x34 Drivers/STM32L1xx_HAL_Driver/Src/stm32l1xx_hal_uart.o
 .text.HAL_UART_Transmit_IT
                0x0000000000000000       0x54 Drivers/STM32L1xx_HAL_Driver/Src/stm32l1xx_hal_uart.o
 .text.HAL_UART_Receive_IT
                0x0000000000000000       0x64 Drivers/STM32L1xx_HAL_Driver/Src/stm32l1xx_hal_uart.o
 .text.HAL_UART_Transmit_DMA
                0x0000000000000000       0x84 Drivers/STM32L1xx_HAL_Driver/Src/stm32l1xx_hal_uart.o
 .text.HAL_UART_Receive_DMA
                0x0000000000000000       0x7c Drivers/STM32L1xx_HAL_Driver/Src/stm32l1xx_hal_uart.o
 .text.HAL_UART_DMAPause
                0x0000000000000000       0x5a Drivers/STM32L1xx_HAL_Driver/Src/stm32l1xx_hal_uart.o
 .text.HAL_UART_DMAResume
                0x0000000000000000       0x74 Drivers/STM32L1xx_HAL_Driver/Src/stm32l1xx_hal_uart.o
 .text.HAL_UART_DMAStop
                0x0000000000000000       0x28 Drivers/STM32L1xx_HAL_Driver/Src/stm32l1xx_hal_uart.o
 .text.HAL_UART_TxCpltCallback
                0x0000000000000000        0x2 Drivers/STM32L1xx_HAL_Driver/Src/stm32l1xx_hal_uart.o
 .text.UART_DMATransmitCplt
                0x0000000000000000       0x2c Drivers/STM32L1xx_HAL_Driver/Src/stm32l1xx_hal_uart.o
 .text.HAL_UART_TxHalfCpltCallback
                0x0000000000000000        0x2 Drivers/STM32L1xx_HAL_Driver/Src/stm32l1xx_hal_uart.o
 .text.UART_DMATxHalfCplt
                0x0000000000000000        0xa Drivers/STM32L1xx_HAL_Driver/Src/stm32l1xx_hal_uart.o
 .text.HAL_UART_RxCpltCallback
                0x0000000000000000        0x2 Drivers/STM32L1xx_HAL_Driver/Src/stm32l1xx_hal_uart.o
 .text.UART_DMAReceiveCplt
                0x0000000000000000       0x32 Drivers/STM32L1xx_HAL_Driver/Src/stm32l1xx_hal_uart.o
 .text.HAL_UART_RxHalfCpltCallback
                0x0000000000000000        0x2 Drivers/STM32L1xx_HAL_Driver/Src/stm32l1xx_hal_uart.o
 .text.UART_DMARxHalfCplt
                0x0000000000000000        0xa Drivers/STM32L1xx_HAL_Driver/Src/stm32l1xx_hal_uart.o
 .text.HAL_UART_ErrorCallback
                0x0000000000000000        0x2 Drivers/STM32L1xx_HAL_Driver/Src/stm32l1xx_hal_uart.o
 .text.UART_DMAError
                0x0000000000000000       0x1e Drivers/STM32L1xx_HAL_Driver/Src/stm32l1xx_hal_uart.o
 .text.HAL_UART_IRQHandler
                0x0000000000000000      0x188 Drivers/STM32L1xx_HAL_Driver/Src/stm32l1xx_hal_uart.o
 .text.HAL_LIN_SendBreak
                0x0000000000000000       0x2a Drivers/STM32L1xx_HAL_Driver/Src/stm32l1xx_hal_uart.o
 .text.HAL_MultiProcessor_EnterMuteMode
                0x0000000000000000       0x2a Drivers/STM32L1xx_HAL_Driver/Src/stm32l1xx_hal_uart.o
 .text.HAL_MultiProcessor_ExitMuteMode
                0x0000000000000000       0x2a Drivers/STM32L1xx_HAL_Driver/Src/stm32l1xx_hal_uart.o
 .text.HAL_HalfDuplex_EnableTransmitter
                0x0000000000000000       0x2e Drivers/STM32L1xx_HAL_Driver/Src/stm32l1xx_hal_uart.o
 .text.HAL_HalfDuplex_EnableReceiver
                0x0000000000000000       0x2e Drivers/STM32L1xx_HAL_Driver/Src/stm32l1xx_hal_uart.o
 .text.HAL_UART_GetState
                0x0000000000000000        0x6 Drivers/STM32L1xx_HAL_Driver/Src/stm32l1xx_hal_uart.o
 .text.HAL_UART_GetError
                0x0000000000000000        0x4 Drivers/STM32L1xx_HAL_Driver/Src/stm32l1xx_hal_uart.o
 .text          0x0000000000000000        0x0 Src/main.o
 .data          0x0000000000000000        0x0 Src/main.o
 .bss           0x0000000000000000        0x0 Src/main.o
 .text._Error_Handler
                0x0000000000000000        0x2 Src/main.o
 .text          0x0000000000000000        0x0 Src/stm32l1xx_hal_msp.o
 .data          0x0000000000000000        0x0 Src/stm32l1xx_hal_msp.o
 .bss           0x0000000000000000        0x0 Src/stm32l1xx_hal_msp.o
 .text.HAL_UART_MspDeInit
                0x0000000000000000       0x4c Src/stm32l1xx_hal_msp.o
 .text          0x0000000000000000        0x0 Src/stm32l1xx_it.o
 .data          0x0000000000000000        0x0 Src/stm32l1xx_it.o
 .bss           0x0000000000000000        0x0 Src/stm32l1xx_it.o
 .text          0x0000000000000000        0x0 Src/system_stm32l1xx.o
 .data          0x0000000000000000        0x0 Src/system_stm32l1xx.o
 .bss           0x0000000000000000        0x0 Src/system_stm32l1xx.o
 .text.SystemCoreClockUpdate
                0x0000000000000000       0x90 Src/system_stm32l1xx.o
 .text          0x0000000000000000       0x14 startup/startup_stm32l152xe.o
 .data          0x0000000000000000        0x0 startup/startup_stm32l152xe.o
 .bss           0x0000000000000000        0x0 startup/startup_stm32l152xe.o
 .text          0x0000000000000000        0x0 /opt/Atollic_TrueSTUDIO_for_STM32_x86_64_9.0.1/ARMTools/bin/../lib/gcc/arm-atollic-eabi/6.3.1/../../../../arm-atollic-eabi/lib/armv7-m/libc_nano.a(lib_a-init.o)
 .data          0x0000000000000000        0x0 /opt/Atollic_TrueSTUDIO_for_STM32_x86_64_9.0.1/ARMTools/bin/../lib/gcc/arm-atollic-eabi/6.3.1/../../../../arm-atollic-eabi/lib/armv7-m/libc_nano.a(lib_a-init.o)
 .bss           0x0000000000000000        0x0 /opt/Atollic_TrueSTUDIO_for_STM32_x86_64_9.0.1/ARMTools/bin/../lib/gcc/arm-atollic-eabi/6.3.1/../../../../arm-atollic-eabi/lib/armv7-m/libc_nano.a(lib_a-init.o)
 .text          0x0000000000000000        0x0 /opt/Atollic_TrueSTUDIO_for_STM32_x86_64_9.0.1/ARMTools/bin/../lib/gcc/arm-atollic-eabi/6.3.1/armv7-m/crtend.o
 .data          0x0000000000000000        0x0 /opt/Atollic_TrueSTUDIO_for_STM32_x86_64_9.0.1/ARMTools/bin/../lib/gcc/arm-atollic-eabi/6.3.1/armv7-m/crtend.o
 .bss           0x0000000000000000        0x0 /opt/Atollic_TrueSTUDIO_for_STM32_x86_64_9.0.1/ARMTools/bin/../lib/gcc/arm-atollic-eabi/6.3.1/armv7-m/crtend.o
 .eh_frame      0x0000000000000000        0x4 /opt/Atollic_TrueSTUDIO_for_STM32_x86_64_9.0.1/ARMTools/bin/../lib/gcc/arm-atollic-eabi/6.3.1/armv7-m/crtend.o
 .ARM.attributes
                0x0000000000000000       0x2d /opt/Atollic_TrueSTUDIO_for_STM32_x86_64_9.0.1/ARMTools/bin/../lib/gcc/arm-atollic-eabi/6.3.1/armv7-m/crtend.o
 .text          0x0000000000000000        0x0 /opt/Atollic_TrueSTUDIO_for_STM32_x86_64_9.0.1/ARMTools/bin/../lib/gcc/arm-atollic-eabi/6.3.1/armv7-m/crtn.o
 .data          0x0000000000000000        0x0 /opt/Atollic_TrueSTUDIO_for_STM32_x86_64_9.0.1/ARMTools/bin/../lib/gcc/arm-atollic-eabi/6.3.1/armv7-m/crtn.o
 .bss           0x0000000000000000        0x0 /opt/Atollic_TrueSTUDIO_for_STM32_x86_64_9.0.1/ARMTools/bin/../lib/gcc/arm-atollic-eabi/6.3.1/armv7-m/crtn.o

Memory Configuration

Name             Origin             Length             Attributes
RAM              0x0000000020000000 0x0000000000014000 xrw
FLASH            0x0000000008000000 0x0000000000080000 xr
*default*        0x0000000000000000 0xffffffffffffffff

Linker script and memory map

LOAD /opt/Atollic_TrueSTUDIO_for_STM32_x86_64_9.0.1/ARMTools/bin/../lib/gcc/arm-atollic-eabi/6.3.1/armv7-m/crti.o
LOAD /opt/Atollic_TrueSTUDIO_for_STM32_x86_64_9.0.1/ARMTools/bin/../lib/gcc/arm-atollic-eabi/6.3.1/armv7-m/crtbegin.o
LOAD Drivers/STM32L1xx_HAL_Driver/Src/stm32l1xx_hal.o
LOAD Drivers/STM32L1xx_HAL_Driver/Src/stm32l1xx_hal_cortex.o
LOAD Drivers/STM32L1xx_HAL_Driver/Src/stm32l1xx_hal_dma.o
LOAD Drivers/STM32L1xx_HAL_Driver/Src/stm32l1xx_hal_flash.o
LOAD Drivers/STM32L1xx_HAL_Driver/Src/stm32l1xx_hal_flash_ex.o
LOAD Drivers/STM32L1xx_HAL_Driver/Src/stm32l1xx_hal_flash_ramfunc.o
LOAD Drivers/STM32L1xx_HAL_Driver/Src/stm32l1xx_hal_gpio.o
LOAD Drivers/STM32L1xx_HAL_Driver/Src/stm32l1xx_hal_pwr.o
LOAD Drivers/STM32L1xx_HAL_Driver/Src/stm32l1xx_hal_pwr_ex.o
LOAD Drivers/STM32L1xx_HAL_Driver/Src/stm32l1xx_hal_rcc.o
LOAD Drivers/STM32L1xx_HAL_Driver/Src/stm32l1xx_hal_rcc_ex.o
LOAD Drivers/STM32L1xx_HAL_Driver/Src/stm32l1xx_hal_tim.o
LOAD Drivers/STM32L1xx_HAL_Driver/Src/stm32l1xx_hal_tim_ex.o
LOAD Drivers/STM32L1xx_HAL_Driver/Src/stm32l1xx_hal_uart.o
LOAD Src/main.o
LOAD Src/stm32l1xx_hal_msp.o
LOAD Src/stm32l1xx_it.o
LOAD Src/system_stm32l1xx.o
LOAD startup/startup_stm32l152xe.o
                0x0000000000000080                malloc_getpagesize_P = 0x80
START GROUP
LOAD /opt/Atollic_TrueSTUDIO_for_STM32_x86_64_9.0.1/ARMTools/bin/../lib/gcc/arm-atollic-eabi/6.3.1/../../../../arm-atollic-eabi/lib/armv7-m/libc_nano.a
LOAD /opt/Atollic_TrueSTUDIO_for_STM32_x86_64_9.0.1/ARMTools/bin/../lib/gcc/arm-atollic-eabi/6.3.1/../../../../arm-atollic-eabi/lib/armv7-m/libm.a
END GROUP
START GROUP
LOAD /opt/Atollic_TrueSTUDIO_for_STM32_x86_64_9.0.1/ARMTools/bin/../lib/gcc/arm-atollic-eabi/6.3.1/armv7-m/libgcc.a
LOAD /opt/Atollic_TrueSTUDIO_for_STM32_x86_64_9.0.1/ARMTools/bin/../lib/gcc/arm-atollic-eabi/6.3.1/../../../../arm-atollic-eabi/lib/armv7-m/libc_nano.a
END GROUP
START GROUP
LOAD /opt/Atollic_TrueSTUDIO_for_STM32_x86_64_9.0.1/ARMTools/bin/../lib/gcc/arm-atollic-eabi/6.3.1/armv7-m/libgcc.a
LOAD /opt/Atollic_TrueSTUDIO_for_STM32_x86_64_9.0.1/ARMTools/bin/../lib/gcc/arm-atollic-eabi/6.3.1/../../../../arm-atollic-eabi/lib/armv7-m/libc_nano.a
LOAD /opt/Atollic_TrueSTUDIO_for_STM32_x86_64_9.0.1/ARMTools/bin/../lib/gcc/arm-atollic-eabi/6.3.1/../../../../arm-atollic-eabi/lib/armv7-m/libnosys.a
END GROUP
START GROUP
LOAD /opt/Atollic_TrueSTUDIO_for_STM32_x86_64_9.0.1/ARMTools/bin/../lib/gcc/arm-atollic-eabi/6.3.1/armv7-m/libgcc.a
LOAD /opt/Atollic_TrueSTUDIO_for_STM32_x86_64_9.0.1/ARMTools/bin/../lib/gcc/arm-atollic-eabi/6.3.1/../../../../arm-atollic-eabi/lib/armv7-m/libc_nano.a
LOAD /opt/Atollic_TrueSTUDIO_for_STM32_x86_64_9.0.1/ARMTools/bin/../lib/gcc/arm-atollic-eabi/6.3.1/../../../../arm-atollic-eabi/lib/armv7-m/libnosys.a
END GROUP
LOAD /opt/Atollic_TrueSTUDIO_for_STM32_x86_64_9.0.1/ARMTools/bin/../lib/gcc/arm-atollic-eabi/6.3.1/armv7-m/crtend.o
LOAD /opt/Atollic_TrueSTUDIO_for_STM32_x86_64_9.0.1/ARMTools/bin/../lib/gcc/arm-atollic-eabi/6.3.1/armv7-m/crtn.o
                0x0000000020014000                _estack = 0x20014000
                0x0000000000000200                _Min_Heap_Size = 0x200
                0x0000000000000400                _Min_Stack_Size = 0x400

.isr_vector     0x0000000008000000      0x13c
                0x0000000008000000                . = ALIGN (0x4)
 *(.isr_vector)
 .isr_vector    0x0000000008000000      0x13c startup/startup_stm32l152xe.o
                0x0000000008000000                g_pfnVectors
                0x000000000800013c                . = ALIGN (0x4)

.text           0x000000000800013c     0x15bc
                0x000000000800013c                . = ALIGN (0x4)
 *(.text)
 .text          0x000000000800013c       0x40 /opt/Atollic_TrueSTUDIO_for_STM32_x86_64_9.0.1/ARMTools/bin/../lib/gcc/arm-atollic-eabi/6.3.1/armv7-m/crtbegin.o
 *(.text*)
 .text.HAL_InitTick
                0x000000000800017c       0x28 Drivers/STM32L1xx_HAL_Driver/Src/stm32l1xx_hal.o
                0x000000000800017c                HAL_InitTick
 .text.HAL_Init
                0x00000000080001a4       0x16 Drivers/STM32L1xx_HAL_Driver/Src/stm32l1xx_hal.o
                0x00000000080001a4                HAL_Init
 *fill*         0x00000000080001ba        0x2 
 .text.HAL_IncTick
                0x00000000080001bc       0x10 Drivers/STM32L1xx_HAL_Driver/Src/stm32l1xx_hal.o
                0x00000000080001bc                HAL_IncTick
 .text.HAL_GetTick
                0x00000000080001cc        0xc Drivers/STM32L1xx_HAL_Driver/Src/stm32l1xx_hal.o
                0x00000000080001cc                HAL_GetTick
 .text.HAL_Delay
                0x00000000080001d8       0x1a Drivers/STM32L1xx_HAL_Driver/Src/stm32l1xx_hal.o
                0x00000000080001d8                HAL_Delay
 *fill*         0x00000000080001f2        0x2 
 .text.HAL_NVIC_SetPriorityGrouping
                0x00000000080001f4       0x24 Drivers/STM32L1xx_HAL_Driver/Src/stm32l1xx_hal_cortex.o
                0x00000000080001f4                HAL_NVIC_SetPriorityGrouping
 .text.HAL_NVIC_SetPriority
                0x0000000008000218       0x68 Drivers/STM32L1xx_HAL_Driver/Src/stm32l1xx_hal_cortex.o
                0x0000000008000218                HAL_NVIC_SetPriority
 .text.HAL_SYSTICK_Config
                0x0000000008000280       0x2c Drivers/STM32L1xx_HAL_Driver/Src/stm32l1xx_hal_cortex.o
                0x0000000008000280                HAL_SYSTICK_Config
 .text.HAL_SYSTICK_CLKSourceConfig
                0x00000000080002ac       0x18 Drivers/STM32L1xx_HAL_Driver/Src/stm32l1xx_hal_cortex.o
                0x00000000080002ac                HAL_SYSTICK_CLKSourceConfig
 .text.HAL_SYSTICK_Callback
                0x00000000080002c4        0x2 Drivers/STM32L1xx_HAL_Driver/Src/stm32l1xx_hal_cortex.o
                0x00000000080002c4                HAL_SYSTICK_Callback
 .text.HAL_SYSTICK_IRQHandler
                0x00000000080002c6        0x8 Drivers/STM32L1xx_HAL_Driver/Src/stm32l1xx_hal_cortex.o
                0x00000000080002c6                HAL_SYSTICK_IRQHandler
 *fill*         0x00000000080002ce        0x2 
 .text.HAL_GPIO_Init
                0x00000000080002d0      0x1a4 Drivers/STM32L1xx_HAL_Driver/Src/stm32l1xx_hal_gpio.o
                0x00000000080002d0                HAL_GPIO_Init
 .text.HAL_GPIO_WritePin
                0x0000000008000474        0xa Drivers/STM32L1xx_HAL_Driver/Src/stm32l1xx_hal_gpio.o
                0x0000000008000474                HAL_GPIO_WritePin
 *fill*         0x000000000800047e        0x2 
 .text.RCC_SetFlashLatencyFromMSIRange
                0x0000000008000480       0x80 Drivers/STM32L1xx_HAL_Driver/Src/stm32l1xx_hal_rcc.o
 .text.HAL_RCC_OscConfig
                0x0000000008000500      0x6a8 Drivers/STM32L1xx_HAL_Driver/Src/stm32l1xx_hal_rcc.o
                0x0000000008000500                HAL_RCC_OscConfig
 .text.HAL_RCC_GetSysClockFreq
                0x0000000008000ba8       0x8c Drivers/STM32L1xx_HAL_Driver/Src/stm32l1xx_hal_rcc.o
                0x0000000008000ba8                HAL_RCC_GetSysClockFreq
 .text.HAL_RCC_ClockConfig
                0x0000000008000c34      0x1bc Drivers/STM32L1xx_HAL_Driver/Src/stm32l1xx_hal_rcc.o
                0x0000000008000c34                HAL_RCC_ClockConfig
 .text.HAL_RCC_GetHCLKFreq
                0x0000000008000df0        0xc Drivers/STM32L1xx_HAL_Driver/Src/stm32l1xx_hal_rcc.o
                0x0000000008000df0                HAL_RCC_GetHCLKFreq
 .text.HAL_RCC_GetPCLK1Freq
                0x0000000008000dfc       0x30 Drivers/STM32L1xx_HAL_Driver/Src/stm32l1xx_hal_rcc.o
                0x0000000008000dfc                HAL_RCC_GetPCLK1Freq
 .text.HAL_RCC_GetPCLK2Freq
                0x0000000008000e2c       0x30 Drivers/STM32L1xx_HAL_Driver/Src/stm32l1xx_hal_rcc.o
                0x0000000008000e2c                HAL_RCC_GetPCLK2Freq
 .text.UART_SetConfig
                0x0000000008000e5c      0x244 Drivers/STM32L1xx_HAL_Driver/Src/stm32l1xx_hal_uart.o
 .text.UART_WaitOnFlagUntilTimeout.constprop.1
                0x00000000080010a0       0x60 Drivers/STM32L1xx_HAL_Driver/Src/stm32l1xx_hal_uart.o
 .text.HAL_UART_Init
                0x0000000008001100       0x58 Drivers/STM32L1xx_HAL_Driver/Src/stm32l1xx_hal_uart.o
                0x0000000008001100                HAL_UART_Init
 .text.HAL_UART_Transmit
                0x0000000008001158       0xb6 Drivers/STM32L1xx_HAL_Driver/Src/stm32l1xx_hal_uart.o
                0x0000000008001158                HAL_UART_Transmit
 .text.HAL_UART_Receive
                0x000000000800120e       0xbe Drivers/STM32L1xx_HAL_Driver/Src/stm32l1xx_hal_uart.o
                0x000000000800120e                HAL_UART_Receive
 .text.init_test
                0x00000000080012cc       0x6c Src/main.o
                0x00000000080012cc                init_test
 .text.SystemClock_Config
                0x0000000008001338       0x74 Src/main.o
                0x0000000008001338                SystemClock_Config
 .text.startup.main
                0x00000000080013ac      0x108 Src/main.o
                0x00000000080013ac                main
 .text.HAL_MspInit
                0x00000000080014b4       0xa0 Src/stm32l1xx_hal_msp.o
                0x00000000080014b4                HAL_MspInit
 .text.HAL_UART_MspInit
                0x0000000008001554       0x90 Src/stm32l1xx_hal_msp.o
                0x0000000008001554                HAL_UART_MspInit
 .text.NMI_Handler
                0x00000000080015e4        0x2 Src/stm32l1xx_it.o
                0x00000000080015e4                NMI_Handler
 .text.HardFault_Handler
                0x00000000080015e6        0x2 Src/stm32l1xx_it.o
                0x00000000080015e6                HardFault_Handler
 .text.MemManage_Handler
                0x00000000080015e8        0x2 Src/stm32l1xx_it.o
                0x00000000080015e8                MemManage_Handler
 .text.BusFault_Handler
                0x00000000080015ea        0x2 Src/stm32l1xx_it.o
                0x00000000080015ea                BusFault_Handler
 .text.UsageFault_Handler
                0x00000000080015ec        0x2 Src/stm32l1xx_it.o
                0x00000000080015ec                UsageFault_Handler
 .text.SVC_Handler
                0x00000000080015ee        0x2 Src/stm32l1xx_it.o
                0x00000000080015ee                SVC_Handler
 .text.DebugMon_Handler
                0x00000000080015f0        0x2 Src/stm32l1xx_it.o
                0x00000000080015f0                DebugMon_Handler
 .text.PendSV_Handler
                0x00000000080015f2        0x2 Src/stm32l1xx_it.o
                0x00000000080015f2                PendSV_Handler
 .text.SysTick_Handler
                0x00000000080015f4        0xe Src/stm32l1xx_it.o
                0x00000000080015f4                SysTick_Handler
 *fill*         0x0000000008001602        0x2 
 .text.SystemInit
                0x0000000008001604       0x48 Src/system_stm32l1xx.o
                0x0000000008001604                SystemInit
 .text.Reset_Handler
                0x000000000800164c       0x48 startup/startup_stm32l152xe.o
                0x000000000800164c                Reset_Handler
 .text.Default_Handler
                0x0000000008001694        0x2 startup/startup_stm32l152xe.o
                0x0000000008001694                RTC_Alarm_IRQHandler
                0x0000000008001694                EXTI2_IRQHandler
                0x0000000008001694                COMP_ACQ_IRQHandler
                0x0000000008001694                TIM10_IRQHandler
                0x0000000008001694                USB_HP_IRQHandler
                0x0000000008001694                TIM6_IRQHandler
                0x0000000008001694                PVD_IRQHandler
                0x0000000008001694                EXTI3_IRQHandler
                0x0000000008001694                EXTI0_IRQHandler
                0x0000000008001694                I2C2_EV_IRQHandler
                0x0000000008001694                SPI1_IRQHandler
                0x0000000008001694                USB_FS_WKUP_IRQHandler
                0x0000000008001694                DMA2_Channel2_IRQHandler
                0x0000000008001694                DMA1_Channel4_IRQHandler
                0x0000000008001694                ADC1_IRQHandler
                0x0000000008001694                USART3_IRQHandler
                0x0000000008001694                DMA1_Channel7_IRQHandler
                0x0000000008001694                LCD_IRQHandler
                0x0000000008001694                UART5_IRQHandler
                0x0000000008001694                TIM4_IRQHandler
                0x0000000008001694                DMA2_Channel1_IRQHandler
                0x0000000008001694                I2C1_EV_IRQHandler
                0x0000000008001694                DMA1_Channel6_IRQHandler
                0x0000000008001694                UART4_IRQHandler
                0x0000000008001694                DMA2_Channel4_IRQHandler
                0x0000000008001694                TIM3_IRQHandler
                0x0000000008001694                RCC_IRQHandler
                0x0000000008001694                DMA1_Channel1_IRQHandler
                0x0000000008001694                Default_Handler
                0x0000000008001694                EXTI15_10_IRQHandler
                0x0000000008001694                TIM7_IRQHandler
                0x0000000008001694                TIM5_IRQHandler
                0x0000000008001694                EXTI9_5_IRQHandler
                0x0000000008001694                TIM9_IRQHandler
                0x0000000008001694                TAMPER_STAMP_IRQHandler
                0x0000000008001694                RTC_WKUP_IRQHandler
                0x0000000008001694                SPI2_IRQHandler
                0x0000000008001694                DMA2_Channel5_IRQHandler
                0x0000000008001694                DMA1_Channel5_IRQHandler
                0x0000000008001694                USB_LP_IRQHandler
                0x0000000008001694                EXTI4_IRQHandler
                0x0000000008001694                DMA1_Channel3_IRQHandler
                0x0000000008001694                COMP_IRQHandler
                0x0000000008001694                WWDG_IRQHandler
                0x0000000008001694                TIM2_IRQHandler
                0x0000000008001694                DAC_IRQHandler
                0x0000000008001694                EXTI1_IRQHandler
                0x0000000008001694                TIM11_IRQHandler
                0x0000000008001694                USART2_IRQHandler
                0x0000000008001694                I2C2_ER_IRQHandler
                0x0000000008001694                DMA1_Channel2_IRQHandler
                0x0000000008001694                FLASH_IRQHandler
                0x0000000008001694                USART1_IRQHandler
                0x0000000008001694                SPI3_IRQHandler
                0x0000000008001694                I2C1_ER_IRQHandler
                0x0000000008001694                DMA2_Channel3_IRQHandler
 *fill*         0x0000000008001696        0x2 
 .text.__libc_init_array
                0x0000000008001698       0x48 /opt/Atollic_TrueSTUDIO_for_STM32_x86_64_9.0.1/ARMTools/bin/../lib/gcc/arm-atollic-eabi/6.3.1/../../../../arm-atollic-eabi/lib/armv7-m/libc_nano.a(lib_a-init.o)
                0x0000000008001698                __libc_init_array
 *(.glue_7)
 .glue_7        0x00000000080016e0        0x0 linker stubs
 *(.glue_7t)
 .glue_7t       0x00000000080016e0        0x0 linker stubs
 *(.eh_frame)
 .eh_frame      0x00000000080016e0        0x0 /opt/Atollic_TrueSTUDIO_for_STM32_x86_64_9.0.1/ARMTools/bin/../lib/gcc/arm-atollic-eabi/6.3.1/armv7-m/crtbegin.o
 *(.init)
 .init          0x00000000080016e0        0x4 /opt/Atollic_TrueSTUDIO_for_STM32_x86_64_9.0.1/ARMTools/bin/../lib/gcc/arm-atollic-eabi/6.3.1/armv7-m/crti.o
                0x00000000080016e0                _init
 .init          0x00000000080016e4        0x8 /opt/Atollic_TrueSTUDIO_for_STM32_x86_64_9.0.1/ARMTools/bin/../lib/gcc/arm-atollic-eabi/6.3.1/armv7-m/crtn.o
 *(.fini)
 .fini          0x00000000080016ec        0x4 /opt/Atollic_TrueSTUDIO_for_STM32_x86_64_9.0.1/ARMTools/bin/../lib/gcc/arm-atollic-eabi/6.3.1/armv7-m/crti.o
                0x00000000080016ec                _fini
 .fini          0x00000000080016f0        0x8 /opt/Atollic_TrueSTUDIO_for_STM32_x86_64_9.0.1/ARMTools/bin/../lib/gcc/arm-atollic-eabi/6.3.1/armv7-m/crtn.o
                0x00000000080016f8                . = ALIGN (0x4)
                0x00000000080016f8                _etext = .

.vfp11_veneer   0x00000000080016f8        0x0
 .vfp11_veneer  0x00000000080016f8        0x0 linker stubs

.v4_bx          0x00000000080016f8        0x0
 .v4_bx         0x00000000080016f8        0x0 linker stubs

.iplt           0x00000000080016f8        0x0
 .iplt          0x00000000080016f8        0x0 /opt/Atollic_TrueSTUDIO_for_STM32_x86_64_9.0.1/ARMTools/bin/../lib/gcc/arm-atollic-eabi/6.3.1/armv7-m/crtbegin.o

.rodata         0x00000000080016f8       0x38
                0x00000000080016f8                . = ALIGN (0x4)
 *(.rodata)
 *(.rodata*)
 .rodata.init_test.str1.1
                0x00000000080016f8       0x17 Src/main.o
 .rodata.AHBPrescTable
                0x000000000800170f       0x10 Src/system_stm32l1xx.o
                0x000000000800170f                AHBPrescTable
 .rodata.APBPrescTable
                0x000000000800171f        0x8 Src/system_stm32l1xx.o
                0x000000000800171f                APBPrescTable
 .rodata.PLLMulTable
                0x0000000008001727        0x9 Src/system_stm32l1xx.o
                0x0000000008001727                PLLMulTable
                0x0000000008001730                . = ALIGN (0x4)

.rel.dyn        0x0000000008001730        0x0
 .rel.iplt      0x0000000008001730        0x0 /opt/Atollic_TrueSTUDIO_for_STM32_x86_64_9.0.1/ARMTools/bin/../lib/gcc/arm-atollic-eabi/6.3.1/armv7-m/crtbegin.o

.ARM.extab
 *(.ARM.extab* .gnu.linkonce.armextab.*)

.ARM            0x0000000008001730        0x0
                0x0000000008001730                __exidx_start = .
 *(.ARM.exidx*)
                0x0000000008001730                __exidx_end = .

.preinit_array  0x0000000008001730        0x0
                0x0000000008001730                PROVIDE (__preinit_array_start, .)
 *(.preinit_array*)
                0x0000000008001730                PROVIDE (__preinit_array_end, .)

.init_array     0x0000000008001730        0x4
                0x0000000008001730                PROVIDE (__init_array_start, .)
 *(SORT(.init_array.*))
 *(.init_array*)
 .init_array    0x0000000008001730        0x4 /opt/Atollic_TrueSTUDIO_for_STM32_x86_64_9.0.1/ARMTools/bin/../lib/gcc/arm-atollic-eabi/6.3.1/armv7-m/crtbegin.o
                0x0000000008001734                PROVIDE (__init_array_end, .)

.fini_array     0x0000000008001734        0x4
                [!provide]                        PROVIDE (__fini_array_start, .)
 *(SORT(.fini_array.*))
 *(.fini_array*)
 .fini_array    0x0000000008001734        0x4 /opt/Atollic_TrueSTUDIO_for_STM32_x86_64_9.0.1/ARMTools/bin/../lib/gcc/arm-atollic-eabi/6.3.1/armv7-m/crtbegin.o
                [!provide]                        PROVIDE (__fini_array_end, .)
                0x0000000008001738                _sidata = LOADADDR (.data)

.data           0x0000000020000000        0x4 load address 0x0000000008001738
                0x0000000020000000                . = ALIGN (0x4)
                0x0000000020000000                _sdata = .
 *(.data)
 *(.data*)
 .data.SystemCoreClock
                0x0000000020000000        0x4 Src/system_stm32l1xx.o
                0x0000000020000000                SystemCoreClock
                0x0000000020000004                . = ALIGN (0x4)
                0x0000000020000004                _edata = .

.igot.plt       0x0000000020000004        0x0 load address 0x000000000800173c
 .igot.plt      0x0000000020000004        0x0 /opt/Atollic_TrueSTUDIO_for_STM32_x86_64_9.0.1/ARMTools/bin/../lib/gcc/arm-atollic-eabi/6.3.1/armv7-m/crtbegin.o
                0x0000000020000004                . = ALIGN (0x4)

.bss            0x0000000020000004       0xa0 load address 0x000000000800173c
                0x0000000020000004                _sbss = .
                0x0000000020000004                __bss_start__ = _sbss
 *(.bss)
 .bss           0x0000000020000004       0x1c /opt/Atollic_TrueSTUDIO_for_STM32_x86_64_9.0.1/ARMTools/bin/../lib/gcc/arm-atollic-eabi/6.3.1/armv7-m/crtbegin.o
 *(.bss*)
 *(COMMON)
 COMMON         0x0000000020000020        0x4 Drivers/STM32L1xx_HAL_Driver/Src/stm32l1xx_hal.o
                0x0000000020000020                uwTick
 COMMON         0x0000000020000024       0x80 Src/main.o
                0x0000000020000024                huart1
                0x0000000020000064                huart4
                0x00000000200000a4                . = ALIGN (0x4)
                0x00000000200000a4                _ebss = .
                0x00000000200000a4                __bss_end__ = _ebss

._user_heap_stack
                0x00000000200000a4      0x600 load address 0x000000000800173c
                0x00000000200000a4                . = ALIGN (0x4)
                [!provide]                        PROVIDE (end, .)
                [!provide]                        PROVIDE (_end, .)
                0x00000000200002a4                . = (. + _Min_Heap_Size)
 *fill*         0x00000000200000a4      0x200 
                0x00000000200006a4                . = (. + _Min_Stack_Size)
 *fill*         0x00000000200002a4      0x400 
                0x00000000200006a4                . = ALIGN (0x4)

/DISCARD/
 libc.a(*)
 libm.a(*)
 libgcc.a(*)

.ARM.attributes
                0x0000000000000000       0x29
 *(.ARM.attributes)
 .ARM.attributes
                0x0000000000000000       0x1d /opt/Atollic_TrueSTUDIO_for_STM32_x86_64_9.0.1/ARMTools/bin/../lib/gcc/arm-atollic-eabi/6.3.1/armv7-m/crti.o
 .ARM.attributes
                0x000000000000001d       0x2d /opt/Atollic_TrueSTUDIO_for_STM32_x86_64_9.0.1/ARMTools/bin/../lib/gcc/arm-atollic-eabi/6.3.1/armv7-m/crtbegin.o
 .ARM.attributes
                0x000000000000004a       0x33 Drivers/STM32L1xx_HAL_Driver/Src/stm32l1xx_hal.o
 .ARM.attributes
                0x000000000000007d       0x33 Drivers/STM32L1xx_HAL_Driver/Src/stm32l1xx_hal_cortex.o
 .ARM.attributes
                0x00000000000000b0       0x33 Drivers/STM32L1xx_HAL_Driver/Src/stm32l1xx_hal_gpio.o
 .ARM.attributes
                0x00000000000000e3       0x33 Drivers/STM32L1xx_HAL_Driver/Src/stm32l1xx_hal_rcc.o
 .ARM.attributes
                0x0000000000000116       0x33 Drivers/STM32L1xx_HAL_Driver/Src/stm32l1xx_hal_uart.o
 .ARM.attributes
                0x0000000000000149       0x33 Src/main.o
 .ARM.attributes
                0x000000000000017c       0x33 Src/stm32l1xx_hal_msp.o
 .ARM.attributes
                0x00000000000001af       0x33 Src/stm32l1xx_it.o
 .ARM.attributes
                0x00000000000001e2       0x33 Src/system_stm32l1xx.o
 .ARM.attributes
                0x0000000000000215       0x21 startup/startup_stm32l152xe.o
 .ARM.attributes
                0x0000000000000236       0x2d /opt/Atollic_TrueSTUDIO_for_STM32_x86_64_9.0.1/ARMTools/bin/../lib/gcc/arm-atollic-eabi/6.3.1/../../../../arm-atollic-eabi/lib/armv7-m/libc_nano.a(lib_a-init.o)
 .ARM.attributes
                0x0000000000000263       0x1d /opt/Atollic_TrueSTUDIO_for_STM32_x86_64_9.0.1/ARMTools/bin/../lib/gcc/arm-atollic-eabi/6.3.1/armv7-m/crtn.o
OUTPUT(SPWF01AS.11.elf elf32-littlearm)

.debug_info     0x0000000000000000     0xacee
 .debug_info    0x0000000000000000      0xec3 Drivers/STM32L1xx_HAL_Driver/Src/stm32l1xx_hal.o
 .debug_info    0x0000000000000ec3     0x16d1 Drivers/STM32L1xx_HAL_Driver/Src/stm32l1xx_hal_cortex.o
 .debug_info    0x0000000000002594      0xe9c Drivers/STM32L1xx_HAL_Driver/Src/stm32l1xx_hal_gpio.o
 .debug_info    0x0000000000003430     0x1e5d Drivers/STM32L1xx_HAL_Driver/Src/stm32l1xx_hal_rcc.o
 .debug_info    0x000000000000528d     0x19e3 Drivers/STM32L1xx_HAL_Driver/Src/stm32l1xx_hal_uart.o
 .debug_info    0x0000000000006c70     0x16e7 Src/main.o
 .debug_info    0x0000000000008357     0x12c2 Src/stm32l1xx_hal_msp.o
 .debug_info    0x0000000000009619      0x9ff Src/stm32l1xx_it.o
 .debug_info    0x000000000000a018      0xc69 Src/system_stm32l1xx.o
 .debug_info    0x000000000000ac81       0x6d startup/startup_stm32l152xe.o

.debug_abbrev   0x0000000000000000     0x183f
 .debug_abbrev  0x0000000000000000      0x2a4 Drivers/STM32L1xx_HAL_Driver/Src/stm32l1xx_hal.o
 .debug_abbrev  0x00000000000002a4      0x386 Drivers/STM32L1xx_HAL_Driver/Src/stm32l1xx_hal_cortex.o
 .debug_abbrev  0x000000000000062a      0x268 Drivers/STM32L1xx_HAL_Driver/Src/stm32l1xx_hal_gpio.o
 .debug_abbrev  0x0000000000000892      0x37e Drivers/STM32L1xx_HAL_Driver/Src/stm32l1xx_hal_rcc.o
 .debug_abbrev  0x0000000000000c10      0x36c Drivers/STM32L1xx_HAL_Driver/Src/stm32l1xx_hal_uart.o
 .debug_abbrev  0x0000000000000f7c      0x2d3 Src/main.o
 .debug_abbrev  0x000000000000124f      0x228 Src/stm32l1xx_hal_msp.o
 .debug_abbrev  0x0000000000001477      0x1ec Src/stm32l1xx_it.o
 .debug_abbrev  0x0000000000001663      0x1ca Src/system_stm32l1xx.o
 .debug_abbrev  0x000000000000182d       0x12 startup/startup_stm32l152xe.o

.debug_loc      0x0000000000000000     0x226d
 .debug_loc     0x0000000000000000       0x6a Drivers/STM32L1xx_HAL_Driver/Src/stm32l1xx_hal.o
 .debug_loc     0x000000000000006a      0x48c Drivers/STM32L1xx_HAL_Driver/Src/stm32l1xx_hal_cortex.o
 .debug_loc     0x00000000000004f6      0x319 Drivers/STM32L1xx_HAL_Driver/Src/stm32l1xx_hal_gpio.o
 .debug_loc     0x000000000000080f      0xaf6 Drivers/STM32L1xx_HAL_Driver/Src/stm32l1xx_hal_rcc.o
 .debug_loc     0x0000000000001305      0xdb4 Drivers/STM32L1xx_HAL_Driver/Src/stm32l1xx_hal_uart.o
 .debug_loc     0x00000000000020b9       0x7f Src/stm32l1xx_hal_msp.o
 .debug_loc     0x0000000000002138      0x135 Src/system_stm32l1xx.o

.debug_aranges  0x0000000000000000      0x440
 .debug_aranges
                0x0000000000000000       0xa8 Drivers/STM32L1xx_HAL_Driver/Src/stm32l1xx_hal.o
 .debug_aranges
                0x00000000000000a8       0xa8 Drivers/STM32L1xx_HAL_Driver/Src/stm32l1xx_hal_cortex.o
 .debug_aranges
                0x0000000000000150       0x58 Drivers/STM32L1xx_HAL_Driver/Src/stm32l1xx_hal_gpio.o
 .debug_aranges
                0x00000000000001a8       0x90 Drivers/STM32L1xx_HAL_Driver/Src/stm32l1xx_hal_rcc.o
 .debug_aranges
                0x0000000000000238      0x108 Drivers/STM32L1xx_HAL_Driver/Src/stm32l1xx_hal_uart.o
 .debug_aranges
                0x0000000000000340       0x38 Src/main.o
 .debug_aranges
                0x0000000000000378       0x30 Src/stm32l1xx_hal_msp.o
 .debug_aranges
                0x00000000000003a8       0x48 Src/stm32l1xx_it.o
 .debug_aranges
                0x00000000000003f0       0x28 Src/system_stm32l1xx.o
 .debug_aranges
                0x0000000000000418       0x28 startup/startup_stm32l152xe.o

.debug_ranges   0x0000000000000000      0x7d8
 .debug_ranges  0x0000000000000000       0x98 Drivers/STM32L1xx_HAL_Driver/Src/stm32l1xx_hal.o
 .debug_ranges  0x0000000000000098      0x140 Drivers/STM32L1xx_HAL_Driver/Src/stm32l1xx_hal_cortex.o
 .debug_ranges  0x00000000000001d8       0x68 Drivers/STM32L1xx_HAL_Driver/Src/stm32l1xx_hal_gpio.o
 .debug_ranges  0x0000000000000240      0x2a8 Drivers/STM32L1xx_HAL_Driver/Src/stm32l1xx_hal_rcc.o
 .debug_ranges  0x00000000000004e8      0x140 Drivers/STM32L1xx_HAL_Driver/Src/stm32l1xx_hal_uart.o
 .debug_ranges  0x0000000000000628       0xc8 Src/main.o
 .debug_ranges  0x00000000000006f0       0x78 Src/stm32l1xx_hal_msp.o
 .debug_ranges  0x0000000000000768       0x38 Src/stm32l1xx_it.o
 .debug_ranges  0x00000000000007a0       0x18 Src/system_stm32l1xx.o
 .debug_ranges  0x00000000000007b8       0x20 startup/startup_stm32l152xe.o

.debug_line     0x0000000000000000     0x2d9f
 .debug_line    0x0000000000000000      0x3cc Drivers/STM32L1xx_HAL_Driver/Src/stm32l1xx_hal.o
 .debug_line    0x00000000000003cc      0x4c3 Drivers/STM32L1xx_HAL_Driver/Src/stm32l1xx_hal_cortex.o
 .debug_line    0x000000000000088f      0x457 Drivers/STM32L1xx_HAL_Driver/Src/stm32l1xx_hal_gpio.o
 .debug_line    0x0000000000000ce6      0xa13 Drivers/STM32L1xx_HAL_Driver/Src/stm32l1xx_hal_rcc.o
 .debug_line    0x00000000000016f9      0xa52 Drivers/STM32L1xx_HAL_Driver/Src/stm32l1xx_hal_uart.o
 .debug_line    0x000000000000214b      0x397 Src/main.o
 .debug_line    0x00000000000024e2      0x32f Src/stm32l1xx_hal_msp.o
 .debug_line    0x0000000000002811      0x2b0 Src/stm32l1xx_it.o
 .debug_line    0x0000000000002ac1      0x261 Src/system_stm32l1xx.o
 .debug_line    0x0000000000002d22       0x7d startup/startup_stm32l152xe.o

.debug_str      0x0000000000000000     0x1dba
 .debug_str     0x0000000000000000      0xbac Drivers/STM32L1xx_HAL_Driver/Src/stm32l1xx_hal.o
                                        0xc3c (size before relaxing)
 .debug_str     0x0000000000000bac      0x3fc Drivers/STM32L1xx_HAL_Driver/Src/stm32l1xx_hal_cortex.o
                                        0xede (size before relaxing)
 .debug_str     0x0000000000000fa8      0x1cd Drivers/STM32L1xx_HAL_Driver/Src/stm32l1xx_hal_gpio.o
                                        0x894 (size before relaxing)
 .debug_str     0x0000000000001175      0x39d Drivers/STM32L1xx_HAL_Driver/Src/stm32l1xx_hal_rcc.o
                                        0xb02 (size before relaxing)
 .debug_str     0x0000000000001512      0x6f3 Drivers/STM32L1xx_HAL_Driver/Src/stm32l1xx_hal_uart.o
                                        0xe02 (size before relaxing)
 .debug_str     0x0000000000001c05       0x98 Src/main.o
                                       0x109b (size before relaxing)
 .debug_str     0x0000000000001c9d       0x1b Src/stm32l1xx_hal_msp.o
                                        0xe4c (size before relaxing)
 .debug_str     0x0000000000001cb8       0xa6 Src/stm32l1xx_it.o
                                        0x6cc (size before relaxing)
 .debug_str     0x0000000000001d5e       0x5c Src/system_stm32l1xx.o
                                        0x722 (size before relaxing)

.comment        0x0000000000000000       0x7c
 .comment       0x0000000000000000       0x7c Drivers/STM32L1xx_HAL_Driver/Src/stm32l1xx_hal.o
                                         0x7d (size before relaxing)
 .comment       0x000000000000007c       0x7d Drivers/STM32L1xx_HAL_Driver/Src/stm32l1xx_hal_cortex.o
 .comment       0x000000000000007c       0x7d Drivers/STM32L1xx_HAL_Driver/Src/stm32l1xx_hal_gpio.o
 .comment       0x000000000000007c       0x7d Drivers/STM32L1xx_HAL_Driver/Src/stm32l1xx_hal_rcc.o
 .comment       0x000000000000007c       0x7d Drivers/STM32L1xx_HAL_Driver/Src/stm32l1xx_hal_uart.o
 .comment       0x000000000000007c       0x7d Src/main.o
 .comment       0x000000000000007c       0x7d Src/stm32l1xx_hal_msp.o
 .comment       0x000000000000007c       0x7d Src/stm32l1xx_it.o
 .comment       0x000000000000007c       0x7d Src/system_stm32l1xx.o

.debug_frame    0x0000000000000000      0x9f0
 .debug_frame   0x0000000000000000      0x164 Drivers/STM32L1xx_HAL_Driver/Src/stm32l1xx_hal.o
 .debug_frame   0x0000000000000164      0x158 Drivers/STM32L1xx_HAL_Driver/Src/stm32l1xx_hal_cortex.o
 .debug_frame   0x00000000000002bc       0xd4 Drivers/STM32L1xx_HAL_Driver/Src/stm32l1xx_hal_gpio.o
 .debug_frame   0x0000000000000390      0x160 Drivers/STM32L1xx_HAL_Driver/Src/stm32l1xx_hal_rcc.o
 .debug_frame   0x00000000000004f0      0x320 Drivers/STM32L1xx_HAL_Driver/Src/stm32l1xx_hal_uart.o
 .debug_frame   0x0000000000000810       0x74 Src/main.o
 .debug_frame   0x0000000000000884       0x5c Src/stm32l1xx_hal_msp.o
 .debug_frame   0x00000000000008e0       0xac Src/stm32l1xx_it.o
 .debug_frame   0x000000000000098c       0x38 Src/system_stm32l1xx.o
 .debug_frame   0x00000000000009c4       0x2c /opt/Atollic_TrueSTUDIO_for_STM32_x86_64_9.0.1/ARMTools/bin/../lib/gcc/arm-atollic-eabi/6.3.1/../../../../arm-atollic-eabi/lib/armv7-m/libc_nano.a(lib_a-init.o)
