Archive member included to satisfy reference by file (symbol)

/opt/Atollic_TrueSTUDIO_for_STM32_x86_64_9.0.1/ARMTools/bin/../lib/gcc/arm-atollic-eabi/6.3.1/../../../../arm-atollic-eabi/lib/armv7-m/libc_nano.a(lib_a-init.o)
                              startup/startup_stm32l152xe.o (__libc_init_array)
/opt/Atollic_TrueSTUDIO_for_STM32_x86_64_9.0.1/ARMTools/bin/../lib/gcc/arm-atollic-eabi/6.3.1/../../../../arm-atollic-eabi/lib/armv7-m/libc_nano.a(lib_a-memcpy-stub.o)
                              Middlewares/Third_Party/FreeRTOS/Source/queue.o (memcpy)
/opt/Atollic_TrueSTUDIO_for_STM32_x86_64_9.0.1/ARMTools/bin/../lib/gcc/arm-atollic-eabi/6.3.1/../../../../arm-atollic-eabi/lib/armv7-m/libc_nano.a(lib_a-strlen.o)
                              Src/main.o (strlen)
/opt/Atollic_TrueSTUDIO_for_STM32_x86_64_9.0.1/ARMTools/bin/../lib/gcc/arm-atollic-eabi/6.3.1/../../../../arm-atollic-eabi/lib/armv7-m/libc_nano.a(lib_a-vsprintf.o)
                              Src/main.o (vsprintf)
/opt/Atollic_TrueSTUDIO_for_STM32_x86_64_9.0.1/ARMTools/bin/../lib/gcc/arm-atollic-eabi/6.3.1/../../../../arm-atollic-eabi/lib/armv7-m/libc_nano.a(lib_a-impure.o)
                              /opt/Atollic_TrueSTUDIO_for_STM32_x86_64_9.0.1/ARMTools/bin/../lib/gcc/arm-atollic-eabi/6.3.1/../../../../arm-atollic-eabi/lib/armv7-m/libc_nano.a(lib_a-vsprintf.o) (_impure_ptr)
/opt/Atollic_TrueSTUDIO_for_STM32_x86_64_9.0.1/ARMTools/bin/../lib/gcc/arm-atollic-eabi/6.3.1/../../../../arm-atollic-eabi/lib/armv7-m/libc_nano.a(lib_a-nano-svfprintf.o)
                              /opt/Atollic_TrueSTUDIO_for_STM32_x86_64_9.0.1/ARMTools/bin/../lib/gcc/arm-atollic-eabi/6.3.1/../../../../arm-atollic-eabi/lib/armv7-m/libc_nano.a(lib_a-vsprintf.o) (_svfprintf_r)
/opt/Atollic_TrueSTUDIO_for_STM32_x86_64_9.0.1/ARMTools/bin/../lib/gcc/arm-atollic-eabi/6.3.1/../../../../arm-atollic-eabi/lib/armv7-m/libc_nano.a(lib_a-nano-vfprintf_i.o)
                              /opt/Atollic_TrueSTUDIO_for_STM32_x86_64_9.0.1/ARMTools/bin/../lib/gcc/arm-atollic-eabi/6.3.1/../../../../arm-atollic-eabi/lib/armv7-m/libc_nano.a(lib_a-nano-svfprintf.o) (_printf_i)
/opt/Atollic_TrueSTUDIO_for_STM32_x86_64_9.0.1/ARMTools/bin/../lib/gcc/arm-atollic-eabi/6.3.1/../../../../arm-atollic-eabi/lib/armv7-m/libc_nano.a(lib_a-memchr-stub.o)
                              /opt/Atollic_TrueSTUDIO_for_STM32_x86_64_9.0.1/ARMTools/bin/../lib/gcc/arm-atollic-eabi/6.3.1/../../../../arm-atollic-eabi/lib/armv7-m/libc_nano.a(lib_a-nano-svfprintf.o) (memchr)
/opt/Atollic_TrueSTUDIO_for_STM32_x86_64_9.0.1/ARMTools/bin/../lib/gcc/arm-atollic-eabi/6.3.1/../../../../arm-atollic-eabi/lib/armv7-m/libc_nano.a(lib_a-memmove.o)
                              /opt/Atollic_TrueSTUDIO_for_STM32_x86_64_9.0.1/ARMTools/bin/../lib/gcc/arm-atollic-eabi/6.3.1/../../../../arm-atollic-eabi/lib/armv7-m/libc_nano.a(lib_a-nano-svfprintf.o) (memmove)
/opt/Atollic_TrueSTUDIO_for_STM32_x86_64_9.0.1/ARMTools/bin/../lib/gcc/arm-atollic-eabi/6.3.1/../../../../arm-atollic-eabi/lib/armv7-m/libc_nano.a(lib_a-nano-freer.o)
                              /opt/Atollic_TrueSTUDIO_for_STM32_x86_64_9.0.1/ARMTools/bin/../lib/gcc/arm-atollic-eabi/6.3.1/../../../../arm-atollic-eabi/lib/armv7-m/libc_nano.a(lib_a-nano-svfprintf.o) (_free_r)
/opt/Atollic_TrueSTUDIO_for_STM32_x86_64_9.0.1/ARMTools/bin/../lib/gcc/arm-atollic-eabi/6.3.1/../../../../arm-atollic-eabi/lib/armv7-m/libc_nano.a(lib_a-nano-mallocr.o)
                              /opt/Atollic_TrueSTUDIO_for_STM32_x86_64_9.0.1/ARMTools/bin/../lib/gcc/arm-atollic-eabi/6.3.1/../../../../arm-atollic-eabi/lib/armv7-m/libc_nano.a(lib_a-nano-svfprintf.o) (_malloc_r)
/opt/Atollic_TrueSTUDIO_for_STM32_x86_64_9.0.1/ARMTools/bin/../lib/gcc/arm-atollic-eabi/6.3.1/../../../../arm-atollic-eabi/lib/armv7-m/libc_nano.a(lib_a-nano-reallocr.o)
                              /opt/Atollic_TrueSTUDIO_for_STM32_x86_64_9.0.1/ARMTools/bin/../lib/gcc/arm-atollic-eabi/6.3.1/../../../../arm-atollic-eabi/lib/armv7-m/libc_nano.a(lib_a-nano-svfprintf.o) (_realloc_r)
/opt/Atollic_TrueSTUDIO_for_STM32_x86_64_9.0.1/ARMTools/bin/../lib/gcc/arm-atollic-eabi/6.3.1/../../../../arm-atollic-eabi/lib/armv7-m/libc_nano.a(lib_a-sbrkr.o)
                              /opt/Atollic_TrueSTUDIO_for_STM32_x86_64_9.0.1/ARMTools/bin/../lib/gcc/arm-atollic-eabi/6.3.1/../../../../arm-atollic-eabi/lib/armv7-m/libc_nano.a(lib_a-nano-mallocr.o) (_sbrk_r)
/opt/Atollic_TrueSTUDIO_for_STM32_x86_64_9.0.1/ARMTools/bin/../lib/gcc/arm-atollic-eabi/6.3.1/../../../../arm-atollic-eabi/lib/armv7-m/libc_nano.a(lib_a-mlock.o)
                              /opt/Atollic_TrueSTUDIO_for_STM32_x86_64_9.0.1/ARMTools/bin/../lib/gcc/arm-atollic-eabi/6.3.1/../../../../arm-atollic-eabi/lib/armv7-m/libc_nano.a(lib_a-nano-freer.o) (__malloc_lock)
/opt/Atollic_TrueSTUDIO_for_STM32_x86_64_9.0.1/ARMTools/bin/../lib/gcc/arm-atollic-eabi/6.3.1/../../../../arm-atollic-eabi/lib/armv7-m/libc_nano.a(lib_a-nano-msizer.o)
[...]
Memory Configuration

Name             Origin             Length             Attributes
RAM              0x0000000020000000 0x0000000000014000 xrw
FLASH            0x0000000008000000 0x0000000000080000 xr
*default*        0x0000000000000000 0xffffffffffffffff

Linker script and memory map

LOAD /opt/Atollic_TrueSTUDIO_for_STM32_x86_64_9.0.1/ARMTools/bin/../lib/gcc/arm-atollic-eabi/6.3.1/armv7-m/crti.o
LOAD /opt/Atollic_TrueSTUDIO_for_STM32_x86_64_9.0.1/ARMTools/bin/../lib/gcc/arm-atollic-eabi/6.3.1/armv7-m/crtbegin.o
LOAD Drivers/STM32L1xx_HAL_Driver/Src/stm32l1xx_hal.o
LOAD Drivers/STM32L1xx_HAL_Driver/Src/stm32l1xx_hal_cortex.o
LOAD Drivers/STM32L1xx_HAL_Driver/Src/stm32l1xx_hal_dma.o
LOAD Drivers/STM32L1xx_HAL_Driver/Src/stm32l1xx_hal_flash.o
LOAD Drivers/STM32L1xx_HAL_Driver/Src/stm32l1xx_hal_flash_ex.o
LOAD Drivers/STM32L1xx_HAL_Driver/Src/stm32l1xx_hal_flash_ramfunc.o
LOAD Drivers/STM32L1xx_HAL_Driver/Src/stm32l1xx_hal_gpio.o
LOAD Drivers/STM32L1xx_HAL_Driver/Src/stm32l1xx_hal_pwr.o
LOAD Drivers/STM32L1xx_HAL_Driver/Src/stm32l1xx_hal_pwr_ex.o
LOAD Drivers/STM32L1xx_HAL_Driver/Src/stm32l1xx_hal_rcc.o
LOAD Drivers/STM32L1xx_HAL_Driver/Src/stm32l1xx_hal_rcc_ex.o
LOAD Drivers/STM32L1xx_HAL_Driver/Src/stm32l1xx_hal_tim.o
LOAD Drivers/STM32L1xx_HAL_Driver/Src/stm32l1xx_hal_tim_ex.o
LOAD Drivers/STM32L1xx_HAL_Driver/Src/stm32l1xx_hal_uart.o
LOAD Middlewares/Third_Party/FreeRTOS/Source/CMSIS_RTOS/cmsis_os.o
LOAD Middlewares/Third_Party/FreeRTOS/Source/croutine.o
LOAD Middlewares/Third_Party/FreeRTOS/Source/event_groups.o
LOAD Middlewares/Third_Party/FreeRTOS/Source/list.o
LOAD Middlewares/Third_Party/FreeRTOS/Source/portable/GCC/ARM_CM3/port.o
LOAD Middlewares/Third_Party/FreeRTOS/Source/portable/MemMang/heap_4.o
LOAD Middlewares/Third_Party/FreeRTOS/Source/queue.o
LOAD Middlewares/Third_Party/FreeRTOS/Source/tasks.o
LOAD Middlewares/Third_Party/FreeRTOS/Source/timers.o
LOAD Src/freertos.o
LOAD Src/main.o
LOAD Src/stm32l1xx_hal_msp.o
LOAD Src/stm32l1xx_hal_timebase_TIM.o
LOAD Src/stm32l1xx_it.o
LOAD Src/system_stm32l1xx.o
LOAD startup/startup_stm32l152xe.o
                0x0000000000000080                malloc_getpagesize_P = 0x80
START GROUP
LOAD /opt/Atollic_TrueSTUDIO_for_STM32_x86_64_9.0.1/ARMTools/bin/../lib/gcc/arm-atollic-eabi/6.3.1/../../../../arm-atollic-eabi/lib/armv7-m/libc_nano.a
LOAD /opt/Atollic_TrueSTUDIO_for_STM32_x86_64_9.0.1/ARMTools/bin/../lib/gcc/arm-atollic-eabi/6.3.1/../../../../arm-atollic-eabi/lib/armv7-m/libm.a
END GROUP
START GROUP
LOAD /opt/Atollic_TrueSTUDIO_for_STM32_x86_64_9.0.1/ARMTools/bin/../lib/gcc/arm-atollic-eabi/6.3.1/armv7-m/libgcc.a
LOAD /opt/Atollic_TrueSTUDIO_for_STM32_x86_64_9.0.1/ARMTools/bin/../lib/gcc/arm-atollic-eabi/6.3.1/../../../../arm-atollic-eabi/lib/armv7-m/libc_nano.a
END GROUP
START GROUP
LOAD /opt/Atollic_TrueSTUDIO_for_STM32_x86_64_9.0.1/ARMTools/bin/../lib/gcc/arm-atollic-eabi/6.3.1/armv7-m/libgcc.a
LOAD /opt/Atollic_TrueSTUDIO_for_STM32_x86_64_9.0.1/ARMTools/bin/../lib/gcc/arm-atollic-eabi/6.3.1/../../../../arm-atollic-eabi/lib/armv7-m/libc_nano.a
LOAD /opt/Atollic_TrueSTUDIO_for_STM32_x86_64_9.0.1/ARMTools/bin/../lib/gcc/arm-atollic-eabi/6.3.1/../../../../arm-atollic-eabi/lib/armv7-m/libnosys.a
END GROUP
START GROUP
LOAD /opt/Atollic_TrueSTUDIO_for_STM32_x86_64_9.0.1/ARMTools/bin/../lib/gcc/arm-atollic-eabi/6.3.1/armv7-m/libgcc.a
LOAD /opt/Atollic_TrueSTUDIO_for_STM32_x86_64_9.0.1/ARMTools/bin/../lib/gcc/arm-atollic-eabi/6.3.1/../../../../arm-atollic-eabi/lib/armv7-m/libc_nano.a
LOAD /opt/Atollic_TrueSTUDIO_for_STM32_x86_64_9.0.1/ARMTools/bin/../lib/gcc/arm-atollic-eabi/6.3.1/../../../../arm-atollic-eabi/lib/armv7-m/libnosys.a
END GROUP
LOAD /opt/Atollic_TrueSTUDIO_for_STM32_x86_64_9.0.1/ARMTools/bin/../lib/gcc/arm-atollic-eabi/6.3.1/armv7-m/crtend.o
LOAD /opt/Atollic_TrueSTUDIO_for_STM32_x86_64_9.0.1/ARMTools/bin/../lib/gcc/arm-atollic-eabi/6.3.1/armv7-m/crtn.o
                0x0000000020014000                _estack = 0x20014000
                0x0000000000000200                _Min_Heap_Size = 0x200
                0x0000000000000400                _Min_Stack_Size = 0x400

.isr_vector     0x0000000008000000      0x13c
                0x0000000008000000                . = ALIGN (0x4)
 *(.isr_vector)
 .isr_vector    0x0000000008000000      0x13c startup/startup_stm32l152xe.o
                0x0000000008000000                g_pfnVectors
                0x000000000800013c                . = ALIGN (0x4)

.text           0x0000000008000140     0x2b50
                0x0000000008000140                . = ALIGN (0x4)
 *(.text)
 .text          0x0000000008000140       0x40 /opt/Atollic_TrueSTUDIO_for_STM32_x86_64_9.0.1/ARMTools/bin/../lib/gcc/arm-atollic-eabi/6.3.1/armv7-m/crtbegin.o
 .text          0x0000000008000180       0x10 /opt/Atollic_TrueSTUDIO_for_STM32_x86_64_9.0.1/ARMTools/bin/../lib/gcc/arm-atollic-eabi/6.3.1/../../../../arm-atollic-eabi/lib/armv7-m/libc_nano.a(lib_a-strlen.o)
                0x0000000008000180                strlen
 *(.text*)
 .text.HAL_Init
                0x0000000008000190       0x16 Drivers/STM32L1xx_HAL_Driver/Src/stm32l1xx_hal.o
                0x0000000008000190                HAL_Init
 *fill*         0x00000000080001a6        0x2 
 .text.HAL_IncTick
                0x00000000080001a8       0x10 Drivers/STM32L1xx_HAL_Driver/Src/stm32l1xx_hal.o
                0x00000000080001a8                HAL_IncTick
 .text.HAL_GetTick
                0x00000000080001b8        0xc Drivers/STM32L1xx_HAL_Driver/Src/stm32l1xx_hal.o
                0x00000000080001b8                HAL_GetTick
 .text.HAL_NVIC_SetPriorityGrouping
                0x00000000080001c4       0x24 Drivers/STM32L1xx_HAL_Driver/Src/stm32l1xx_hal_cortex.o
                0x00000000080001c4                HAL_NVIC_SetPriorityGrouping
 .text.HAL_NVIC_SetPriority
                0x00000000080001e8       0x68 Drivers/STM32L1xx_HAL_Driver/Src/stm32l1xx_hal_cortex.o
                0x00000000080001e8                HAL_NVIC_SetPriority
 .text.HAL_NVIC_EnableIRQ
                0x0000000008000250       0x18 Drivers/STM32L1xx_HAL_Driver/Src/stm32l1xx_hal_cortex.o
                0x0000000008000250                HAL_NVIC_EnableIRQ
 .text.HAL_SYSTICK_Config
                0x0000000008000268       0x2c Drivers/STM32L1xx_HAL_Driver/Src/stm32l1xx_hal_cortex.o
                0x0000000008000268                HAL_SYSTICK_Config
 .text.HAL_SYSTICK_CLKSourceConfig
                0x0000000008000294       0x18 Drivers/STM32L1xx_HAL_Driver/Src/stm32l1xx_hal_cortex.o
                0x0000000008000294                HAL_SYSTICK_CLKSourceConfig
 .text.HAL_GPIO_Init
                0x00000000080002ac      0x1a4 Drivers/STM32L1xx_HAL_Driver/Src/stm32l1xx_hal_gpio.o
                0x00000000080002ac                HAL_GPIO_Init
 .text.HAL_GPIO_WritePin
                0x0000000008000450        0xa Drivers/STM32L1xx_HAL_Driver/Src/stm32l1xx_hal_gpio.o
                0x0000000008000450                HAL_GPIO_WritePin
 *fill*         0x000000000800045a        0x2 
 .text.RCC_SetFlashLatencyFromMSIRange
                0x000000000800045c       0x80 Drivers/STM32L1xx_HAL_Driver/Src/stm32l1xx_hal_rcc.o
 .text.HAL_RCC_OscConfig
                0x00000000080004dc      0x6a8 Drivers/STM32L1xx_HAL_Driver/Src/stm32l1xx_hal_rcc.o
                0x00000000080004dc                HAL_RCC_OscConfig
 .text.HAL_RCC_GetSysClockFreq
                0x0000000008000b84       0x8c Drivers/STM32L1xx_HAL_Driver/Src/stm32l1xx_hal_rcc.o
                0x0000000008000b84                HAL_RCC_GetSysClockFreq
 .text.HAL_RCC_ClockConfig
                0x0000000008000c10      0x1bc Drivers/STM32L1xx_HAL_Driver/Src/stm32l1xx_hal_rcc.o
                0x0000000008000c10                HAL_RCC_ClockConfig
 .text.HAL_RCC_GetHCLKFreq
                0x0000000008000dcc        0xc Drivers/STM32L1xx_HAL_Driver/Src/stm32l1xx_hal_rcc.o
                0x0000000008000dcc                HAL_RCC_GetHCLKFreq
 .text.HAL_RCC_GetPCLK1Freq
                0x0000000008000dd8       0x30 Drivers/STM32L1xx_HAL_Driver/Src/stm32l1xx_hal_rcc.o
                0x0000000008000dd8                HAL_RCC_GetPCLK1Freq
 .text.HAL_RCC_GetPCLK2Freq
                0x0000000008000e08       0x30 Drivers/STM32L1xx_HAL_Driver/Src/stm32l1xx_hal_rcc.o
                0x0000000008000e08                HAL_RCC_GetPCLK2Freq
 .text.HAL_RCC_GetClockConfig
                0x0000000008000e38       0x3c Drivers/STM32L1xx_HAL_Driver/Src/stm32l1xx_hal_rcc.o
                0x0000000008000e38                HAL_RCC_GetClockConfig
 .text.TIM_Base_SetConfig
                0x0000000008000e74       0x84 Drivers/STM32L1xx_HAL_Driver/Src/stm32l1xx_hal_tim.o
 .text.HAL_TIM_Base_MspInit
                0x0000000008000ef8        0x2 Drivers/STM32L1xx_HAL_Driver/Src/stm32l1xx_hal_tim.o
                0x0000000008000ef8                HAL_TIM_Base_MspInit
 .text.HAL_TIM_Base_Init
                0x0000000008000efa       0x34 Drivers/STM32L1xx_HAL_Driver/Src/stm32l1xx_hal_tim.o
                0x0000000008000efa                HAL_TIM_Base_Init
 .text.HAL_TIM_Base_Start_IT
                0x0000000008000f2e       0x16 Drivers/STM32L1xx_HAL_Driver/Src/stm32l1xx_hal_tim.o
                0x0000000008000f2e                HAL_TIM_Base_Start_IT
 .text.HAL_TIM_OC_DelayElapsedCallback
                0x0000000008000f44        0x2 Drivers/STM32L1xx_HAL_Driver/Src/stm32l1xx_hal_tim.o
                0x0000000008000f44                HAL_TIM_OC_DelayElapsedCallback
 .text.HAL_TIM_IC_CaptureCallback
                0x0000000008000f46        0x2 Drivers/STM32L1xx_HAL_Driver/Src/stm32l1xx_hal_tim.o
                0x0000000008000f46                HAL_TIM_IC_CaptureCallback
 .text.HAL_TIM_PWM_PulseFinishedCallback
                0x0000000008000f48        0x2 Drivers/STM32L1xx_HAL_Driver/Src/stm32l1xx_hal_tim.o
                0x0000000008000f48                HAL_TIM_PWM_PulseFinishedCallback
 .text.HAL_TIM_TriggerCallback
                0x0000000008000f4a        0x2 Drivers/STM32L1xx_HAL_Driver/Src/stm32l1xx_hal_tim.o
                0x0000000008000f4a                HAL_TIM_TriggerCallback
 .text.HAL_TIM_IRQHandler
                0x0000000008000f4c      0x10c Drivers/STM32L1xx_HAL_Driver/Src/stm32l1xx_hal_tim.o
                0x0000000008000f4c                HAL_TIM_IRQHandler
 .text.UART_SetConfig
                0x0000000008001058      0x244 Drivers/STM32L1xx_HAL_Driver/Src/stm32l1xx_hal_uart.o
 .text.UART_WaitOnFlagUntilTimeout.constprop.1
                0x000000000800129c       0x60 Drivers/STM32L1xx_HAL_Driver/Src/stm32l1xx_hal_uart.o
 .text.HAL_UART_Init
                0x00000000080012fc       0x58 Drivers/STM32L1xx_HAL_Driver/Src/stm32l1xx_hal_uart.o
                0x00000000080012fc                HAL_UART_Init
 .text.HAL_UART_Transmit
                0x0000000008001354       0xb6 Drivers/STM32L1xx_HAL_Driver/Src/stm32l1xx_hal_uart.o
                0x0000000008001354                HAL_UART_Transmit
 .text.osKernelStart
                0x000000000800140a        0xa Middlewares/Third_Party/FreeRTOS/Source/CMSIS_RTOS/cmsis_os.o
                0x000000000800140a                osKernelStart
 .text.osThreadCreate
                0x0000000008001414       0x32 Middlewares/Third_Party/FreeRTOS/Source/CMSIS_RTOS/cmsis_os.o
                0x0000000008001414                osThreadCreate
 .text.osSystickHandler
                0x0000000008001446       0x14 Middlewares/Third_Party/FreeRTOS/Source/CMSIS_RTOS/cmsis_os.o
                0x0000000008001446                osSystickHandler
 .text.vListInitialise
                0x000000000800145a       0x16 Middlewares/Third_Party/FreeRTOS/Source/list.o
                0x000000000800145a                vListInitialise
 .text.vListInitialiseItem
                0x0000000008001470        0x6 Middlewares/Third_Party/FreeRTOS/Source/list.o
                0x0000000008001470                vListInitialiseItem
 .text.vListInsertEnd
                0x0000000008001476       0x18 Middlewares/Third_Party/FreeRTOS/Source/list.o
                0x0000000008001476                vListInsertEnd
 .text.vListInsert
                0x000000000800148e       0x2e Middlewares/Third_Party/FreeRTOS/Source/list.o
                0x000000000800148e                vListInsert
 .text.uxListRemove
                0x00000000080014bc       0x20 Middlewares/Third_Party/FreeRTOS/Source/list.o
                0x00000000080014bc                uxListRemove
 .text.prvTaskExitError
                0x00000000080014dc       0x30 Middlewares/Third_Party/FreeRTOS/Source/portable/GCC/ARM_CM3/port.o
 .text.prvPortStartFirstTask
                0x000000000800150c       0x20 Middlewares/Third_Party/FreeRTOS/Source/portable/GCC/ARM_CM3/port.o
 .text.pxPortInitialiseStack
                0x000000000800152c       0x24 Middlewares/Third_Party/FreeRTOS/Source/portable/GCC/ARM_CM3/port.o
                0x000000000800152c                pxPortInitialiseStack
 .text.SVC_Handler
                0x0000000008001550       0x24 Middlewares/Third_Party/FreeRTOS/Source/portable/GCC/ARM_CM3/port.o
                0x0000000008001550                SVC_Handler
 .text.vPortEnterCritical
                0x0000000008001574       0x44 Middlewares/Third_Party/FreeRTOS/Source/portable/GCC/ARM_CM3/port.o
                0x0000000008001574                vPortEnterCritical
 .text.vPortExitCritical
                0x00000000080015b8       0x28 Middlewares/Third_Party/FreeRTOS/Source/portable/GCC/ARM_CM3/port.o
                0x00000000080015b8                vPortExitCritical
 .text.PendSV_Handler
                0x00000000080015e0       0x44 Middlewares/Third_Party/FreeRTOS/Source/portable/GCC/ARM_CM3/port.o
                0x00000000080015e0                PendSV_Handler
 .text.xPortSysTickHandler
                0x0000000008001624       0x2c Middlewares/Third_Party/FreeRTOS/Source/portable/GCC/ARM_CM3/port.o
                0x0000000008001624                xPortSysTickHandler
 .text.vPortSetupTimerInterrupt
                0x0000000008001650       0x28 Middlewares/Third_Party/FreeRTOS/Source/portable/GCC/ARM_CM3/port.o
                0x0000000008001650                vPortSetupTimerInterrupt
 .text.xPortStartScheduler
                0x0000000008001678       0x94 Middlewares/Third_Party/FreeRTOS/Source/portable/GCC/ARM_CM3/port.o
                0x0000000008001678                xPortStartScheduler
 .text.unlikely.prvInsertBlockIntoFreeList
                0x000000000800170c       0x48 Middlewares/Third_Party/FreeRTOS/Source/portable/MemMang/heap_4.o
 .text.pvPortMalloc
                0x0000000008001754      0x11c Middlewares/Third_Party/FreeRTOS/Source/portable/MemMang/heap_4.o
                0x0000000008001754                pvPortMalloc
 .text.vPortFree
                0x0000000008001870       0x70 Middlewares/Third_Party/FreeRTOS/Source/portable/MemMang/heap_4.o
                0x0000000008001870                vPortFree
 .text.prvResetNextTaskUnblockTime
                0x00000000080018e0       0x24 Middlewares/Third_Party/FreeRTOS/Source/tasks.o
 .text.prvAddCurrentTaskToDelayedList
                0x0000000008001904       0x8c Middlewares/Third_Party/FreeRTOS/Source/tasks.o
 .text.xTaskCreate
                0x0000000008001990      0x1a0 Middlewares/Third_Party/FreeRTOS/Source/tasks.o
                0x0000000008001990                xTaskCreate
 .text.vTaskStartScheduler
                0x0000000008001b30       0x78 Middlewares/Third_Party/FreeRTOS/Source/tasks.o
                0x0000000008001b30                vTaskStartScheduler
 .text.vTaskSuspendAll
                0x0000000008001ba8       0x10 Middlewares/Third_Party/FreeRTOS/Source/tasks.o
                0x0000000008001ba8                vTaskSuspendAll
 .text.xTaskIncrementTick
                0x0000000008001bb8      0x124 Middlewares/Third_Party/FreeRTOS/Source/tasks.o
                0x0000000008001bb8                xTaskIncrementTick
 .text.xTaskResumeAll
                0x0000000008001cdc       0xf0 Middlewares/Third_Party/FreeRTOS/Source/tasks.o
                0x0000000008001cdc                xTaskResumeAll
 .text.vTaskDelay
                0x0000000008001dcc       0x48 Middlewares/Third_Party/FreeRTOS/Source/tasks.o
                0x0000000008001dcc                vTaskDelay
 .text.prvIdleTask
                0x0000000008001e14       0x74 Middlewares/Third_Party/FreeRTOS/Source/tasks.o
 .text.vTaskSwitchContext
                0x0000000008001e88       0x74 Middlewares/Third_Party/FreeRTOS/Source/tasks.o
                0x0000000008001e88                vTaskSwitchContext
 .text.xTaskGetSchedulerState
                0x0000000008001efc       0x20 Middlewares/Third_Party/FreeRTOS/Source/tasks.o
                0x0000000008001efc                xTaskGetSchedulerState
 .text.StartTask02
                0x0000000008001f1c       0x10 Src/main.o
                0x0000000008001f1c                StartTask02
 .text.StartDefaultTask
                0x0000000008001f2c        0x6 Src/main.o
                0x0000000008001f2c                StartDefaultTask
 *fill*         0x0000000008001f32        0x2 
 .text.Slog     0x0000000008001f34       0x4c Src/main.o
                0x0000000008001f34                Slog
 .text.Led_Gatekeeper
                0x0000000008001f80       0x44 Src/main.o
                0x0000000008001f80                Led_Gatekeeper
 .text.SystemClock_Config
                0x0000000008001fc4       0x80 Src/main.o
                0x0000000008001fc4                SystemClock_Config
 .text.startup.main
                0x0000000008002044      0x154 Src/main.o
                0x0000000008002044                main
 .text.HAL_TIM_PeriodElapsedCallback
                0x0000000008002198       0x14 Src/main.o
                0x0000000008002198                HAL_TIM_PeriodElapsedCallback
 .text.HAL_MspInit
                0x00000000080021ac       0xa0 Src/stm32l1xx_hal_msp.o
                0x00000000080021ac                HAL_MspInit
 .text.HAL_UART_MspInit
                0x000000000800224c       0x4c Src/stm32l1xx_hal_msp.o
                0x000000000800224c                HAL_UART_MspInit
 .text.HAL_InitTick
                0x0000000008002298       0x78 Src/stm32l1xx_hal_timebase_TIM.o
                0x0000000008002298                HAL_InitTick
 .text.NMI_Handler
                0x0000000008002310        0x2 Src/stm32l1xx_it.o
                0x0000000008002310                NMI_Handler
 .text.HardFault_Handler
                0x0000000008002312        0x2 Src/stm32l1xx_it.o
                0x0000000008002312                HardFault_Handler
 .text.MemManage_Handler
                0x0000000008002314        0x2 Src/stm32l1xx_it.o
                0x0000000008002314                MemManage_Handler
 .text.BusFault_Handler
                0x0000000008002316        0x2 Src/stm32l1xx_it.o
                0x0000000008002316                BusFault_Handler
 .text.UsageFault_Handler
                0x0000000008002318        0x2 Src/stm32l1xx_it.o
                0x0000000008002318                UsageFault_Handler
 .text.DebugMon_Handler
                0x000000000800231a        0x2 Src/stm32l1xx_it.o
                0x000000000800231a                DebugMon_Handler
 .text.SysTick_Handler
                0x000000000800231c        0x4 Src/stm32l1xx_it.o
                0x000000000800231c                SysTick_Handler
 .text.TIM6_IRQHandler
                0x0000000008002320        0xc Src/stm32l1xx_it.o
                0x0000000008002320                TIM6_IRQHandler
 .text.SystemInit
                0x000000000800232c       0x48 Src/system_stm32l1xx.o
                0x000000000800232c                SystemInit
 .text.Reset_Handler
                0x0000000008002374       0x48 startup/startup_stm32l152xe.o
                0x0000000008002374                Reset_Handler
 .text.Default_Handler
                0x00000000080023bc        0x2 startup/startup_stm32l152xe.o
                0x00000000080023bc                RTC_Alarm_IRQHandler
                0x00000000080023bc                EXTI2_IRQHandler
                0x00000000080023bc                COMP_ACQ_IRQHandler
                0x00000000080023bc                TIM10_IRQHandler
                0x00000000080023bc                USB_HP_IRQHandler
                0x00000000080023bc                PVD_IRQHandler
                0x00000000080023bc                EXTI3_IRQHandler
                0x00000000080023bc                EXTI0_IRQHandler
                0x00000000080023bc                I2C2_EV_IRQHandler
                0x00000000080023bc                SPI1_IRQHandler
                0x00000000080023bc                USB_FS_WKUP_IRQHandler
                0x00000000080023bc                DMA2_Channel2_IRQHandler
                0x00000000080023bc                DMA1_Channel4_IRQHandler
                0x00000000080023bc                ADC1_IRQHandler
                0x00000000080023bc                USART3_IRQHandler
                0x00000000080023bc                DMA1_Channel7_IRQHandler
                0x00000000080023bc                LCD_IRQHandler
                0x00000000080023bc                UART5_IRQHandler
                0x00000000080023bc                TIM4_IRQHandler
                0x00000000080023bc                DMA2_Channel1_IRQHandler
                0x00000000080023bc                I2C1_EV_IRQHandler
                0x00000000080023bc                DMA1_Channel6_IRQHandler
                0x00000000080023bc                UART4_IRQHandler
                0x00000000080023bc                DMA2_Channel4_IRQHandler
                0x00000000080023bc                TIM3_IRQHandler
                0x00000000080023bc                RCC_IRQHandler
                0x00000000080023bc                DMA1_Channel1_IRQHandler
                0x00000000080023bc                Default_Handler
                0x00000000080023bc                EXTI15_10_IRQHandler
                0x00000000080023bc                TIM7_IRQHandler
                0x00000000080023bc                TIM5_IRQHandler
                0x00000000080023bc                EXTI9_5_IRQHandler
                0x00000000080023bc                TIM9_IRQHandler
                0x00000000080023bc                TAMPER_STAMP_IRQHandler
                0x00000000080023bc                RTC_WKUP_IRQHandler
                0x00000000080023bc                SPI2_IRQHandler
                0x00000000080023bc                DMA2_Channel5_IRQHandler
                0x00000000080023bc                DMA1_Channel5_IRQHandler
                0x00000000080023bc                USB_LP_IRQHandler
                0x00000000080023bc                EXTI4_IRQHandler
                0x00000000080023bc                DMA1_Channel3_IRQHandler
                0x00000000080023bc                COMP_IRQHandler
                0x00000000080023bc                WWDG_IRQHandler
                0x00000000080023bc                TIM2_IRQHandler
                0x00000000080023bc                DAC_IRQHandler
                0x00000000080023bc                EXTI1_IRQHandler
                0x00000000080023bc                TIM11_IRQHandler
                0x00000000080023bc                USART2_IRQHandler
                0x00000000080023bc                I2C2_ER_IRQHandler
                0x00000000080023bc                DMA1_Channel2_IRQHandler
                0x00000000080023bc                FLASH_IRQHandler
                0x00000000080023bc                USART1_IRQHandler
                0x00000000080023bc                SPI3_IRQHandler
                0x00000000080023bc                I2C1_ER_IRQHandler
                0x00000000080023bc                DMA2_Channel3_IRQHandler
 *fill*         0x00000000080023be        0x2 
 .text.__libc_init_array
                0x00000000080023c0       0x48 /opt/Atollic_TrueSTUDIO_for_STM32_x86_64_9.0.1/ARMTools/bin/../lib/gcc/arm-atollic-eabi/6.3.1/../../../../arm-atollic-eabi/lib/armv7-m/libc_nano.a(lib_a-init.o)
                0x00000000080023c0                __libc_init_array
 .text.memcpy   0x0000000008002408       0x16 /opt/Atollic_TrueSTUDIO_for_STM32_x86_64_9.0.1/ARMTools/bin/../lib/gcc/arm-atollic-eabi/6.3.1/../../../../arm-atollic-eabi/lib/armv7-m/libc_nano.a(lib_a-memcpy-stub.o)
                0x0000000008002408                memcpy
 .text._vsprintf_r
                0x000000000800241e       0x30 /opt/Atollic_TrueSTUDIO_for_STM32_x86_64_9.0.1/ARMTools/bin/../lib/gcc/arm-atollic-eabi/6.3.1/../../../../arm-atollic-eabi/lib/armv7-m/libc_nano.a(lib_a-vsprintf.o)
                0x000000000800241e                _vsiprintf_r
                0x000000000800241e                _vsprintf_r
 *fill*         0x000000000800244e        0x2 
 .text.vsprintf
                0x0000000008002450       0x14 /opt/Atollic_TrueSTUDIO_for_STM32_x86_64_9.0.1/ARMTools/bin/../lib/gcc/arm-atollic-eabi/6.3.1/../../../../arm-atollic-eabi/lib/armv7-m/libc_nano.a(lib_a-vsprintf.o)
                0x0000000008002450                vsprintf
                0x0000000008002450                vsiprintf
 .text.__ssputs_r
                0x0000000008002464       0xb6 /opt/Atollic_TrueSTUDIO_for_STM32_x86_64_9.0.1/ARMTools/bin/../lib/gcc/arm-atollic-eabi/6.3.1/../../../../arm-atollic-eabi/lib/armv7-m/libc_nano.a(lib_a-nano-svfprintf.o)
                0x0000000008002464                __ssputs_r
 *fill*         0x000000000800251a        0x2 
 .text._svfprintf_r
                0x000000000800251c      0x1e8 /opt/Atollic_TrueSTUDIO_for_STM32_x86_64_9.0.1/ARMTools/bin/../lib/gcc/arm-atollic-eabi/6.3.1/../../../../arm-atollic-eabi/lib/armv7-m/libc_nano.a(lib_a-nano-svfprintf.o)
                0x000000000800251c                _svfprintf_r
                0x000000000800251c                _svfiprintf_r
 .text._printf_common
                0x0000000008002704       0xee /opt/Atollic_TrueSTUDIO_for_STM32_x86_64_9.0.1/ARMTools/bin/../lib/gcc/arm-atollic-eabi/6.3.1/../../../../arm-atollic-eabi/lib/armv7-m/libc_nano.a(lib_a-nano-vfprintf_i.o)
                0x0000000008002704                _printf_common
 *fill*         0x00000000080027f2        0x2 
 .text._printf_i
                0x00000000080027f4      0x240 /opt/Atollic_TrueSTUDIO_for_STM32_x86_64_9.0.1/ARMTools/bin/../lib/gcc/arm-atollic-eabi/6.3.1/../../../../arm-atollic-eabi/lib/armv7-m/libc_nano.a(lib_a-nano-vfprintf_i.o)
                0x00000000080027f4                _printf_i
 .text.memchr   0x0000000008002a34       0x1c /opt/Atollic_TrueSTUDIO_for_STM32_x86_64_9.0.1/ARMTools/bin/../lib/gcc/arm-atollic-eabi/6.3.1/../../../../arm-atollic-eabi/lib/armv7-m/libc_nano.a(lib_a-memchr-stub.o)
                0x0000000008002a34                memchr
 .text.memmove  0x0000000008002a50       0x34 /opt/Atollic_TrueSTUDIO_for_STM32_x86_64_9.0.1/ARMTools/bin/../lib/gcc/arm-atollic-eabi/6.3.1/../../../../arm-atollic-eabi/lib/armv7-m/libc_nano.a(lib_a-memmove.o)
                0x0000000008002a50                memmove
 .text._free_r  0x0000000008002a84       0x98 /opt/Atollic_TrueSTUDIO_for_STM32_x86_64_9.0.1/ARMTools/bin/../lib/gcc/arm-atollic-eabi/6.3.1/../../../../arm-atollic-eabi/lib/armv7-m/libc_nano.a(lib_a-nano-freer.o)
                0x0000000008002a84                _free_r
 .text._malloc_r
                0x0000000008002b1c       0xbc /opt/Atollic_TrueSTUDIO_for_STM32_x86_64_9.0.1/ARMTools/bin/../lib/gcc/arm-atollic-eabi/6.3.1/../../../../arm-atollic-eabi/lib/armv7-m/libc_nano.a(lib_a-nano-mallocr.o)
                0x0000000008002b1c                _malloc_r
 .text._realloc_r
                0x0000000008002bd8       0x4c /opt/Atollic_TrueSTUDIO_for_STM32_x86_64_9.0.1/ARMTools/bin/../lib/gcc/arm-atollic-eabi/6.3.1/../../../../arm-atollic-eabi/lib/armv7-m/libc_nano.a(lib_a-nano-reallocr.o)
                0x0000000008002bd8                _realloc_r
 .text._sbrk_r  0x0000000008002c24       0x20 /opt/Atollic_TrueSTUDIO_for_STM32_x86_64_9.0.1/ARMTools/bin/../lib/gcc/arm-atollic-eabi/6.3.1/../../../../arm-atollic-eabi/lib/armv7-m/libc_nano.a(lib_a-sbrkr.o)
                0x0000000008002c24                _sbrk_r
 .text.__malloc_lock
                0x0000000008002c44        0x2 /opt/Atollic_TrueSTUDIO_for_STM32_x86_64_9.0.1/ARMTools/bin/../lib/gcc/arm-atollic-eabi/6.3.1/../../../../arm-atollic-eabi/lib/armv7-m/libc_nano.a(lib_a-mlock.o)
                0x0000000008002c44                __malloc_lock
 .text.__malloc_unlock
                0x0000000008002c46        0x2 /opt/Atollic_TrueSTUDIO_for_STM32_x86_64_9.0.1/ARMTools/bin/../lib/gcc/arm-atollic-eabi/6.3.1/../../../../arm-atollic-eabi/lib/armv7-m/libc_nano.a(lib_a-mlock.o)
                0x0000000008002c46                __malloc_unlock
 .text._malloc_usable_size_r
                0x0000000008002c48       0x12 /opt/Atollic_TrueSTUDIO_for_STM32_x86_64_9.0.1/ARMTools/bin/../lib/gcc/arm-atollic-eabi/6.3.1/../../../../arm-atollic-eabi/lib/armv7-m/libc_nano.a(lib_a-nano-msizer.o)
                0x0000000008002c48                _malloc_usable_size_r
 *fill*         0x0000000008002c5a        0x2 
 .text._sbrk    0x0000000008002c5c       0x1c /opt/Atollic_TrueSTUDIO_for_STM32_x86_64_9.0.1/ARMTools/bin/../lib/gcc/arm-atollic-eabi/6.3.1/../../../../arm-atollic-eabi/lib/armv7-m/libnosys.a(sbrk.o)
                0x0000000008002c5c                _sbrk
 *(.glue_7)
 .glue_7        0x0000000008002c78        0x0 linker stubs
 *(.glue_7t)
 .glue_7t       0x0000000008002c78        0x0 linker stubs
 *(.eh_frame)
 .eh_frame      0x0000000008002c78        0x0 /opt/Atollic_TrueSTUDIO_for_STM32_x86_64_9.0.1/ARMTools/bin/../lib/gcc/arm-atollic-eabi/6.3.1/armv7-m/crtbegin.o
 *(.init)
 .init          0x0000000008002c78        0x4 /opt/Atollic_TrueSTUDIO_for_STM32_x86_64_9.0.1/ARMTools/bin/../lib/gcc/arm-atollic-eabi/6.3.1/armv7-m/crti.o
                0x0000000008002c78                _init
 .init          0x0000000008002c7c        0x8 /opt/Atollic_TrueSTUDIO_for_STM32_x86_64_9.0.1/ARMTools/bin/../lib/gcc/arm-atollic-eabi/6.3.1/armv7-m/crtn.o
 *(.fini)
 .fini          0x0000000008002c84        0x4 /opt/Atollic_TrueSTUDIO_for_STM32_x86_64_9.0.1/ARMTools/bin/../lib/gcc/arm-atollic-eabi/6.3.1/armv7-m/crti.o
                0x0000000008002c84                _fini
 .fini          0x0000000008002c88        0x8 /opt/Atollic_TrueSTUDIO_for_STM32_x86_64_9.0.1/ARMTools/bin/../lib/gcc/arm-atollic-eabi/6.3.1/armv7-m/crtn.o
                0x0000000008002c90                . = ALIGN (0x4)
                0x0000000008002c90                _etext = .

.vfp11_veneer   0x0000000008002c90        0x0
 .vfp11_veneer  0x0000000008002c90        0x0 linker stubs

.v4_bx          0x0000000008002c90        0x0
 .v4_bx         0x0000000008002c90        0x0 linker stubs

.iplt           0x0000000008002c90        0x0
 .iplt          0x0000000008002c90        0x0 /opt/Atollic_TrueSTUDIO_for_STM32_x86_64_9.0.1/ARMTools/bin/../lib/gcc/arm-atollic-eabi/6.3.1/armv7-m/crtbegin.o

.rodata         0x0000000008002c90       0xd0
                0x0000000008002c90                . = ALIGN (0x4)
 *(.rodata)
 .rodata        0x0000000008002c90       0x28 Src/main.o
 *(.rodata*)
 .rodata.vTaskStartScheduler.str1.1
                0x0000000008002cb8        0x5 Middlewares/Third_Party/FreeRTOS/Source/tasks.o
 .rodata.Led_Gatekeeper.str1.1
                0x0000000008002cbd       0x17 Src/main.o
 .rodata.Slog.str1.1
                0x0000000008002cd4       0x17 Src/main.o
 .rodata.main.str1.1
                0x0000000008002ceb        0x9 Src/main.o
 .rodata.str1.1
                0x0000000008002cf4       0x16 Src/main.o
 .rodata.AHBPrescTable
                0x0000000008002d0a       0x10 Src/system_stm32l1xx.o
                0x0000000008002d0a                AHBPrescTable
 .rodata.APBPrescTable
                0x0000000008002d1a        0x8 Src/system_stm32l1xx.o
                0x0000000008002d1a                APBPrescTable
 .rodata.PLLMulTable
                0x0000000008002d22        0x9 Src/system_stm32l1xx.o
                0x0000000008002d22                PLLMulTable
 .rodata._svfprintf_r.str1.1
                0x0000000008002d2b       0x11 /opt/Atollic_TrueSTUDIO_for_STM32_x86_64_9.0.1/ARMTools/bin/../lib/gcc/arm-atollic-eabi/6.3.1/../../../../arm-atollic-eabi/lib/armv7-m/libc_nano.a(lib_a-nano-svfprintf.o)
 .rodata._printf_i.str1.1
                0x0000000008002d3c       0x22 /opt/Atollic_TrueSTUDIO_for_STM32_x86_64_9.0.1/ARMTools/bin/../lib/gcc/arm-atollic-eabi/6.3.1/../../../../arm-atollic-eabi/lib/armv7-m/libc_nano.a(lib_a-nano-vfprintf_i.o)
                0x0000000008002d60                . = ALIGN (0x4)
 *fill*         0x0000000008002d5e        0x2 

.rel.dyn        0x0000000008002d60        0x0
 .rel.iplt      0x0000000008002d60        0x0 /opt/Atollic_TrueSTUDIO_for_STM32_x86_64_9.0.1/ARMTools/bin/../lib/gcc/arm-atollic-eabi/6.3.1/armv7-m/crtbegin.o

.ARM.extab
 *(.ARM.extab* .gnu.linkonce.armextab.*)

.ARM            0x0000000008002d60        0x0
                0x0000000008002d60                __exidx_start = .
 *(.ARM.exidx*)
                0x0000000008002d60                __exidx_end = .

.preinit_array  0x0000000008002d60        0x0
                0x0000000008002d60                PROVIDE (__preinit_array_start, .)
 *(.preinit_array*)
                0x0000000008002d60                PROVIDE (__preinit_array_end, .)

.init_array     0x0000000008002d60        0x4
                0x0000000008002d60                PROVIDE (__init_array_start, .)
 *(SORT(.init_array.*))
 *(.init_array*)
 .init_array    0x0000000008002d60        0x4 /opt/Atollic_TrueSTUDIO_for_STM32_x86_64_9.0.1/ARMTools/bin/../lib/gcc/arm-atollic-eabi/6.3.1/armv7-m/crtbegin.o
                0x0000000008002d64                PROVIDE (__init_array_end, .)

.fini_array     0x0000000008002d64        0x4
                [!provide]                        PROVIDE (__fini_array_start, .)
 *(SORT(.fini_array.*))
 *(.fini_array*)
 .fini_array    0x0000000008002d64        0x4 /opt/Atollic_TrueSTUDIO_for_STM32_x86_64_9.0.1/ARMTools/bin/../lib/gcc/arm-atollic-eabi/6.3.1/armv7-m/crtbegin.o
                [!provide]                        PROVIDE (__fini_array_end, .)
                0x0000000008002d68                _sidata = LOADADDR (.data)

.data           0x0000000020000000       0x70 load address 0x0000000008002d68
                0x0000000020000000                . = ALIGN (0x4)
                0x0000000020000000                _sdata = .
 *(.data)
 *(.data*)
 .data.uxCriticalNesting
                0x0000000020000000        0x4 Middlewares/Third_Party/FreeRTOS/Source/portable/GCC/ARM_CM3/port.o
 .data.mxDelay  0x0000000020000004        0x4 Src/main.o
                0x0000000020000004                mxDelay
 .data.SystemCoreClock
                0x0000000020000008        0x4 Src/system_stm32l1xx.o
                0x0000000020000008                SystemCoreClock
 .data._impure_ptr
                0x000000002000000c        0x4 /opt/Atollic_TrueSTUDIO_for_STM32_x86_64_9.0.1/ARMTools/bin/../lib/gcc/arm-atollic-eabi/6.3.1/../../../../arm-atollic-eabi/lib/armv7-m/libc_nano.a(lib_a-impure.o)
                0x000000002000000c                _impure_ptr
 .data.impure_data
                0x0000000020000010       0x60 /opt/Atollic_TrueSTUDIO_for_STM32_x86_64_9.0.1/ARMTools/bin/../lib/gcc/arm-atollic-eabi/6.3.1/../../../../arm-atollic-eabi/lib/armv7-m/libc_nano.a(lib_a-impure.o)
                0x0000000020000070                . = ALIGN (0x4)
                0x0000000020000070                _edata = .

.igot.plt       0x0000000020000070        0x0 load address 0x0000000008002dd8
 .igot.plt      0x0000000020000070        0x0 /opt/Atollic_TrueSTUDIO_for_STM32_x86_64_9.0.1/ARMTools/bin/../lib/gcc/arm-atollic-eabi/6.3.1/armv7-m/crtbegin.o
                0x0000000020000070                . = ALIGN (0x4)

.bss            0x0000000020000070      0xdfc load address 0x0000000008002dd8
                0x0000000020000070                _sbss = .
                0x0000000020000070                __bss_start__ = _sbss
 *(.bss)
 .bss           0x0000000020000070       0x1c /opt/Atollic_TrueSTUDIO_for_STM32_x86_64_9.0.1/ARMTools/bin/../lib/gcc/arm-atollic-eabi/6.3.1/armv7-m/crtbegin.o
 *(.bss*)
 .bss.ucMaxSysCallPriority
                0x000000002000008c        0x1 Middlewares/Third_Party/FreeRTOS/Source/portable/GCC/ARM_CM3/port.o
 *fill*         0x000000002000008d        0x3 
 .bss.ulMaxPRIGROUPValue
                0x0000000020000090        0x4 Middlewares/Third_Party/FreeRTOS/Source/portable/GCC/ARM_CM3/port.o
 .bss.pxEnd     0x0000000020000094        0x4 Middlewares/Third_Party/FreeRTOS/Source/portable/MemMang/heap_4.o
 .bss.ucHeap    0x0000000020000098      0xc00 Middlewares/Third_Party/FreeRTOS/Source/portable/MemMang/heap_4.o
 .bss.xBlockAllocatedBit
                0x0000000020000c98        0x4 Middlewares/Third_Party/FreeRTOS/Source/portable/MemMang/heap_4.o
 .bss.xFreeBytesRemaining
                0x0000000020000c9c        0x4 Middlewares/Third_Party/FreeRTOS/Source/portable/MemMang/heap_4.o
 .bss.xMinimumEverFreeBytesRemaining
                0x0000000020000ca0        0x4 Middlewares/Third_Party/FreeRTOS/Source/portable/MemMang/heap_4.o
 .bss.xStart    0x0000000020000ca4        0x8 Middlewares/Third_Party/FreeRTOS/Source/portable/MemMang/heap_4.o
 .bss.pxCurrentTCB
                0x0000000020000cac        0x4 Middlewares/Third_Party/FreeRTOS/Source/tasks.o
                0x0000000020000cac                pxCurrentTCB
 .bss.pxDelayedTaskList
                0x0000000020000cb0        0x4 Middlewares/Third_Party/FreeRTOS/Source/tasks.o
 .bss.pxOverflowDelayedTaskList
                0x0000000020000cb4        0x4 Middlewares/Third_Party/FreeRTOS/Source/tasks.o
 .bss.pxReadyTasksLists
                0x0000000020000cb8       0x8c Middlewares/Third_Party/FreeRTOS/Source/tasks.o
 .bss.uxCurrentNumberOfTasks
                0x0000000020000d44        0x4 Middlewares/Third_Party/FreeRTOS/Source/tasks.o
 .bss.uxDeletedTasksWaitingCleanUp
                0x0000000020000d48        0x4 Middlewares/Third_Party/FreeRTOS/Source/tasks.o
 .bss.uxPendedTicks
                0x0000000020000d4c        0x4 Middlewares/Third_Party/FreeRTOS/Source/tasks.o
 .bss.uxSchedulerSuspended
                0x0000000020000d50        0x4 Middlewares/Third_Party/FreeRTOS/Source/tasks.o
 .bss.uxTaskNumber
                0x0000000020000d54        0x4 Middlewares/Third_Party/FreeRTOS/Source/tasks.o
 .bss.uxTopReadyPriority
                0x0000000020000d58        0x4 Middlewares/Third_Party/FreeRTOS/Source/tasks.o
 .bss.xDelayedTaskList1
                0x0000000020000d5c       0x14 Middlewares/Third_Party/FreeRTOS/Source/tasks.o
 .bss.xDelayedTaskList2
                0x0000000020000d70       0x14 Middlewares/Third_Party/FreeRTOS/Source/tasks.o
 .bss.xIdleTaskHandle
                0x0000000020000d84        0x4 Middlewares/Third_Party/FreeRTOS/Source/tasks.o
 .bss.xNextTaskUnblockTime
                0x0000000020000d88        0x4 Middlewares/Third_Party/FreeRTOS/Source/tasks.o
 .bss.xNumOfOverflows
                0x0000000020000d8c        0x4 Middlewares/Third_Party/FreeRTOS/Source/tasks.o
 .bss.xPendingReadyList
                0x0000000020000d90       0x14 Middlewares/Third_Party/FreeRTOS/Source/tasks.o
 .bss.xSchedulerRunning
                0x0000000020000da4        0x4 Middlewares/Third_Party/FreeRTOS/Source/tasks.o
 .bss.xSuspendedTaskList
                0x0000000020000da8       0x14 Middlewares/Third_Party/FreeRTOS/Source/tasks.o
 .bss.xTasksWaitingTermination
                0x0000000020000dbc       0x14 Middlewares/Third_Party/FreeRTOS/Source/tasks.o
 .bss.xTickCount
                0x0000000020000dd0        0x4 Middlewares/Third_Party/FreeRTOS/Source/tasks.o
 .bss.xYieldPending
                0x0000000020000dd4        0x4 Middlewares/Third_Party/FreeRTOS/Source/tasks.o
 .bss.__malloc_free_list
                0x0000000020000dd8        0x4 /opt/Atollic_TrueSTUDIO_for_STM32_x86_64_9.0.1/ARMTools/bin/../lib/gcc/arm-atollic-eabi/6.3.1/../../../../arm-atollic-eabi/lib/armv7-m/libc_nano.a(lib_a-nano-mallocr.o)
                0x0000000020000dd8                __malloc_free_list
 .bss.__malloc_sbrk_start
                0x0000000020000ddc        0x4 /opt/Atollic_TrueSTUDIO_for_STM32_x86_64_9.0.1/ARMTools/bin/../lib/gcc/arm-atollic-eabi/6.3.1/../../../../arm-atollic-eabi/lib/armv7-m/libc_nano.a(lib_a-nano-mallocr.o)
                0x0000000020000ddc                __malloc_sbrk_start
 .bss.heap_end.4116
                0x0000000020000de0        0x4 /opt/Atollic_TrueSTUDIO_for_STM32_x86_64_9.0.1/ARMTools/bin/../lib/gcc/arm-atollic-eabi/6.3.1/../../../../arm-atollic-eabi/lib/armv7-m/libnosys.a(sbrk.o)
 *(COMMON)
 COMMON         0x0000000020000de4        0x4 Drivers/STM32L1xx_HAL_Driver/Src/stm32l1xx_hal.o
                0x0000000020000de4                uwTick
 COMMON         0x0000000020000de8       0x48 Src/main.o
                0x0000000020000de8                defaultTaskHandle
                0x0000000020000dec                send_dataHandle
                0x0000000020000df0                huart4
 COMMON         0x0000000020000e30       0x38 Src/stm32l1xx_hal_timebase_TIM.o
                0x0000000020000e30                htim6
 COMMON         0x0000000020000e68        0x4 /opt/Atollic_TrueSTUDIO_for_STM32_x86_64_9.0.1/ARMTools/bin/../lib/gcc/arm-atollic-eabi/6.3.1/../../../../arm-atollic-eabi/lib/armv7-m/libc_nano.a(lib_a-reent.o)
                0x0000000020000e68                errno
                0x0000000020000e6c                . = ALIGN (0x4)
                0x0000000020000e6c                _ebss = .
                0x0000000020000e6c                __bss_end__ = _ebss

._user_heap_stack
                0x0000000020000e6c      0x600 load address 0x0000000008002dd8
                0x0000000020000e6c                . = ALIGN (0x4)
                0x0000000020000e6c                PROVIDE (end, .)
                [!provide]                        PROVIDE (_end, .)
                0x000000002000106c                . = (. + _Min_Heap_Size)
 *fill*         0x0000000020000e6c      0x200 
                0x000000002000146c                . = (. + _Min_Stack_Size)
 *fill*         0x000000002000106c      0x400 
                0x000000002000146c                . = ALIGN (0x4)

/DISCARD/
 libc.a(*)
 libm.a(*)
 libgcc.a(*)

.ARM.attributes
                0x0000000000000000       0x29
 *(.ARM.attributes)
 .ARM.attributes
                0x0000000000000000       0x1d /opt/Atollic_TrueSTUDIO_for_STM32_x86_64_9.0.1/ARMTools/bin/../lib/gcc/arm-atollic-eabi/6.3.1/armv7-m/crti.o
 .ARM.attributes
                0x000000000000001d       0x2d /opt/Atollic_TrueSTUDIO_for_STM32_x86_64_9.0.1/ARMTools/bin/../lib/gcc/arm-atollic-eabi/6.3.1/armv7-m/crtbegin.o
 .ARM.attributes
                0x000000000000004a       0x33 Drivers/STM32L1xx_HAL_Driver/Src/stm32l1xx_hal.o
 .ARM.attributes
                0x000000000000007d       0x33 Drivers/STM32L1xx_HAL_Driver/Src/stm32l1xx_hal_cortex.o
 .ARM.attributes
                0x00000000000000b0       0x33 Drivers/STM32L1xx_HAL_Driver/Src/stm32l1xx_hal_gpio.o
 .ARM.attributes
                0x00000000000000e3       0x33 Drivers/STM32L1xx_HAL_Driver/Src/stm32l1xx_hal_rcc.o
 .ARM.attributes
                0x0000000000000116       0x33 Drivers/STM32L1xx_HAL_Driver/Src/stm32l1xx_hal_tim.o
 .ARM.attributes
                0x0000000000000149       0x33 Drivers/STM32L1xx_HAL_Driver/Src/stm32l1xx_hal_uart.o
 .ARM.attributes
                0x000000000000017c       0x33 Middlewares/Third_Party/FreeRTOS/Source/CMSIS_RTOS/cmsis_os.o
 .ARM.attributes
                0x00000000000001af       0x33 Middlewares/Third_Party/FreeRTOS/Source/list.o
 .ARM.attributes
                0x00000000000001e2       0x33 Middlewares/Third_Party/FreeRTOS/Source/portable/GCC/ARM_CM3/port.o
 .ARM.attributes
                0x0000000000000215       0x33 Middlewares/Third_Party/FreeRTOS/Source/portable/MemMang/heap_4.o
 .ARM.attributes
                0x0000000000000248       0x33 Middlewares/Third_Party/FreeRTOS/Source/tasks.o
 .ARM.attributes
                0x000000000000027b       0x33 Src/main.o
 .ARM.attributes
                0x00000000000002ae       0x33 Src/stm32l1xx_hal_msp.o
 .ARM.attributes
                0x00000000000002e1       0x33 Src/stm32l1xx_hal_timebase_TIM.o
 .ARM.attributes
                0x0000000000000314       0x33 Src/stm32l1xx_it.o
 .ARM.attributes
                0x0000000000000347       0x33 Src/system_stm32l1xx.o
 .ARM.attributes
                0x000000000000037a       0x21 startup/startup_stm32l152xe.o
 .ARM.attributes
                0x000000000000039b       0x2d /opt/Atollic_TrueSTUDIO_for_STM32_x86_64_9.0.1/ARMTools/bin/../lib/gcc/arm-atollic-eabi/6.3.1/../../../../arm-atollic-eabi/lib/armv7-m/libc_nano.a(lib_a-init.o)
 .ARM.attributes
                0x00000000000003c8       0x2d /opt/Atollic_TrueSTUDIO_for_STM32_x86_64_9.0.1/ARMTools/bin/../lib/gcc/arm-atollic-eabi/6.3.1/../../../../arm-atollic-eabi/lib/armv7-m/libc_nano.a(lib_a-memcpy-stub.o)
 .ARM.attributes
                0x00000000000003f5       0x17 /opt/Atollic_TrueSTUDIO_for_STM32_x86_64_9.0.1/ARMTools/bin/../lib/gcc/arm-atollic-eabi/6.3.1/../../../../arm-atollic-eabi/lib/armv7-m/libc_nano.a(lib_a-strlen.o)
 .ARM.attributes
                0x000000000000040c       0x2d /opt/Atollic_TrueSTUDIO_for_STM32_x86_64_9.0.1/ARMTools/bin/../lib/gcc/arm-atollic-eabi/6.3.1/../../../../arm-atollic-eabi/lib/armv7-m/libc_nano.a(lib_a-vsprintf.o)
 .ARM.attributes
                0x0000000000000439       0x2d /opt/Atollic_TrueSTUDIO_for_STM32_x86_64_9.0.1/ARMTools/bin/../lib/gcc/arm-atollic-eabi/6.3.1/../../../../arm-atollic-eabi/lib/armv7-m/libc_nano.a(lib_a-impure.o)
 .ARM.attributes
                0x0000000000000466       0x2d /opt/Atollic_TrueSTUDIO_for_STM32_x86_64_9.0.1/ARMTools/bin/../lib/gcc/arm-atollic-eabi/6.3.1/../../../../arm-atollic-eabi/lib/armv7-m/libc_nano.a(lib_a-nano-svfprintf.o)
 .ARM.attributes
                0x0000000000000493       0x2d /opt/Atollic_TrueSTUDIO_for_STM32_x86_64_9.0.1/ARMTools/bin/../lib/gcc/arm-atollic-eabi/6.3.1/../../../../arm-atollic-eabi/lib/armv7-m/libc_nano.a(lib_a-nano-vfprintf_i.o)
 .ARM.attributes
                0x00000000000004c0       0x2d /opt/Atollic_TrueSTUDIO_for_STM32_x86_64_9.0.1/ARMTools/bin/../lib/gcc/arm-atollic-eabi/6.3.1/../../../../arm-atollic-eabi/lib/armv7-m/libc_nano.a(lib_a-memchr-stub.o)
 .ARM.attributes
                0x00000000000004ed       0x2d /opt/Atollic_TrueSTUDIO_for_STM32_x86_64_9.0.1/ARMTools/bin/../lib/gcc/arm-atollic-eabi/6.3.1/../../../../arm-atollic-eabi/lib/armv7-m/libc_nano.a(lib_a-memmove.o)
 .ARM.attributes
                0x000000000000051a       0x2d /opt/Atollic_TrueSTUDIO_for_STM32_x86_64_9.0.1/ARMTools/bin/../lib/gcc/arm-atollic-eabi/6.3.1/../../../../arm-atollic-eabi/lib/armv7-m/libc_nano.a(lib_a-nano-freer.o)
 .ARM.attributes
                0x0000000000000547       0x2d /opt/Atollic_TrueSTUDIO_for_STM32_x86_64_9.0.1/ARMTools/bin/../lib/gcc/arm-atollic-eabi/6.3.1/../../../../arm-atollic-eabi/lib/armv7-m/libc_nano.a(lib_a-nano-mallocr.o)
 .ARM.attributes
                0x0000000000000574       0x2d /opt/Atollic_TrueSTUDIO_for_STM32_x86_64_9.0.1/ARMTools/bin/../lib/gcc/arm-atollic-eabi/6.3.1/../../../../arm-atollic-eabi/lib/armv7-m/libc_nano.a(lib_a-nano-reallocr.o)
 .ARM.attributes
                0x00000000000005a1       0x2d /opt/Atollic_TrueSTUDIO_for_STM32_x86_64_9.0.1/ARMTools/bin/../lib/gcc/arm-atollic-eabi/6.3.1/../../../../arm-atollic-eabi/lib/armv7-m/libc_nano.a(lib_a-sbrkr.o)
 .ARM.attributes
                0x00000000000005ce       0x2d /opt/Atollic_TrueSTUDIO_for_STM32_x86_64_9.0.1/ARMTools/bin/../lib/gcc/arm-atollic-eabi/6.3.1/../../../../arm-atollic-eabi/lib/armv7-m/libc_nano.a(lib_a-mlock.o)
 .ARM.attributes
                0x00000000000005fb       0x2d /opt/Atollic_TrueSTUDIO_for_STM32_x86_64_9.0.1/ARMTools/bin/../lib/gcc/arm-atollic-eabi/6.3.1/../../../../arm-atollic-eabi/lib/armv7-m/libc_nano.a(lib_a-nano-msizer.o)
 .ARM.attributes
                0x0000000000000628       0x2d /opt/Atollic_TrueSTUDIO_for_STM32_x86_64_9.0.1/ARMTools/bin/../lib/gcc/arm-atollic-eabi/6.3.1/../../../../arm-atollic-eabi/lib/armv7-m/libc_nano.a(lib_a-reent.o)
 .ARM.attributes
                0x0000000000000655       0x2d /opt/Atollic_TrueSTUDIO_for_STM32_x86_64_9.0.1/ARMTools/bin/../lib/gcc/arm-atollic-eabi/6.3.1/../../../../arm-atollic-eabi/lib/armv7-m/libnosys.a(sbrk.o)
 .ARM.attributes
                0x0000000000000682       0x1d /opt/Atollic_TrueSTUDIO_for_STM32_x86_64_9.0.1/ARMTools/bin/../lib/gcc/arm-atollic-eabi/6.3.1/armv7-m/crtn.o
OUTPUT(freeRtos.elf elf32-littlearm)

.debug_info     0x0000000000000000    0x16de5
 .debug_info    0x0000000000000000      0xec3 Drivers/STM32L1xx_HAL_Driver/Src/stm32l1xx_hal.o
 .debug_info    0x0000000000000ec3     0x16d1 Drivers/STM32L1xx_HAL_Driver/Src/stm32l1xx_hal_cortex.o
 .debug_info    0x0000000000002594      0xe9c Drivers/STM32L1xx_HAL_Driver/Src/stm32l1xx_hal_gpio.o
 .debug_info    0x0000000000003430     0x1e5d Drivers/STM32L1xx_HAL_Driver/Src/stm32l1xx_hal_rcc.o
 .debug_info    0x000000000000528d     0x3a68 Drivers/STM32L1xx_HAL_Driver/Src/stm32l1xx_hal_tim.o
 .debug_info    0x0000000000008cf5     0x19e3 Drivers/STM32L1xx_HAL_Driver/Src/stm32l1xx_hal_uart.o
 .debug_info    0x000000000000a6d8     0x2500 Middlewares/Third_Party/FreeRTOS/Source/CMSIS_RTOS/cmsis_os.o
 .debug_info    0x000000000000cbd8      0xac0 Middlewares/Third_Party/FreeRTOS/Source/list.o
 .debug_info    0x000000000000d698      0x4ca Middlewares/Third_Party/FreeRTOS/Source/portable/GCC/ARM_CM3/port.o
 .debug_info    0x000000000000db62      0xca5 Middlewares/Third_Party/FreeRTOS/Source/portable/MemMang/heap_4.o
 .debug_info    0x000000000000e807     0x2993 Middlewares/Third_Party/FreeRTOS/Source/tasks.o
 .debug_info    0x000000000001119a     0x1bf8 Src/main.o
 .debug_info    0x0000000000012d92     0x12cb Src/stm32l1xx_hal_msp.o
 .debug_info    0x000000000001405d     0x1215 Src/stm32l1xx_hal_timebase_TIM.o
 .debug_info    0x0000000000015272      0xe77 Src/stm32l1xx_it.o
 .debug_info    0x00000000000160e9      0xc69 Src/system_stm32l1xx.o
 .debug_info    0x0000000000016d52       0x93 startup/startup_stm32l152xe.o

.debug_abbrev   0x0000000000000000     0x2e7a
 .debug_abbrev  0x0000000000000000      0x2a4 Drivers/STM32L1xx_HAL_Driver/Src/stm32l1xx_hal.o
 .debug_abbrev  0x00000000000002a4      0x386 Drivers/STM32L1xx_HAL_Driver/Src/stm32l1xx_hal_cortex.o
 .debug_abbrev  0x000000000000062a      0x268 Drivers/STM32L1xx_HAL_Driver/Src/stm32l1xx_hal_gpio.o
 .debug_abbrev  0x0000000000000892      0x37e Drivers/STM32L1xx_HAL_Driver/Src/stm32l1xx_hal_rcc.o
 .debug_abbrev  0x0000000000000c10      0x394 Drivers/STM32L1xx_HAL_Driver/Src/stm32l1xx_hal_tim.o
 .debug_abbrev  0x0000000000000fa4      0x36c Drivers/STM32L1xx_HAL_Driver/Src/stm32l1xx_hal_uart.o
 .debug_abbrev  0x0000000000001310      0x468 Middlewares/Third_Party/FreeRTOS/Source/CMSIS_RTOS/cmsis_os.o
 .debug_abbrev  0x0000000000001778      0x1e3 Middlewares/Third_Party/FreeRTOS/Source/list.o
 .debug_abbrev  0x000000000000195b      0x249 Middlewares/Third_Party/FreeRTOS/Source/portable/GCC/ARM_CM3/port.o
 .debug_abbrev  0x0000000000001ba4      0x314 Middlewares/Third_Party/FreeRTOS/Source/portable/MemMang/heap_4.o
 .debug_abbrev  0x0000000000001eb8      0x419 Middlewares/Third_Party/FreeRTOS/Source/tasks.o
 .debug_abbrev  0x00000000000022d1      0x361 Src/main.o
 .debug_abbrev  0x0000000000002632      0x21d Src/stm32l1xx_hal_msp.o
 .debug_abbrev  0x000000000000284f      0x249 Src/stm32l1xx_hal_timebase_TIM.o
 .debug_abbrev  0x0000000000002a98      0x206 Src/stm32l1xx_it.o
 .debug_abbrev  0x0000000000002c9e      0x1ca Src/system_stm32l1xx.o
 .debug_abbrev  0x0000000000002e68       0x12 startup/startup_stm32l152xe.o

.debug_loc      0x0000000000000000     0x7a71
 .debug_loc     0x0000000000000000       0x6a Drivers/STM32L1xx_HAL_Driver/Src/stm32l1xx_hal.o
 .debug_loc     0x000000000000006a      0x48c Drivers/STM32L1xx_HAL_Driver/Src/stm32l1xx_hal_cortex.o
 .debug_loc     0x00000000000004f6      0x319 Drivers/STM32L1xx_HAL_Driver/Src/stm32l1xx_hal_gpio.o
 .debug_loc     0x000000000000080f      0xaf6 Drivers/STM32L1xx_HAL_Driver/Src/stm32l1xx_hal_rcc.o
 .debug_loc     0x0000000000001305     0x2fae Drivers/STM32L1xx_HAL_Driver/Src/stm32l1xx_hal_tim.o
 .debug_loc     0x00000000000042b3      0xdb4 Drivers/STM32L1xx_HAL_Driver/Src/stm32l1xx_hal_uart.o
 .debug_loc     0x0000000000005067     0x102d Middlewares/Third_Party/FreeRTOS/Source/CMSIS_RTOS/cmsis_os.o
 .debug_loc     0x0000000000006094       0x94 Middlewares/Third_Party/FreeRTOS/Source/list.o
 .debug_loc     0x0000000000006128       0xce Middlewares/Third_Party/FreeRTOS/Source/portable/GCC/ARM_CM3/port.o
 .debug_loc     0x00000000000061f6      0x390 Middlewares/Third_Party/FreeRTOS/Source/portable/MemMang/heap_4.o
 .debug_loc     0x0000000000006586     0x123d Middlewares/Third_Party/FreeRTOS/Source/tasks.o
 .debug_loc     0x00000000000077c3       0x98 Src/main.o
 .debug_loc     0x000000000000785b       0x4d Src/stm32l1xx_hal_msp.o
 .debug_loc     0x00000000000078a8       0x94 Src/stm32l1xx_hal_timebase_TIM.o
 .debug_loc     0x000000000000793c      0x135 Src/system_stm32l1xx.o

.debug_aranges  0x0000000000000000      0xaa8
 .debug_aranges
                0x0000000000000000       0xa8 Drivers/STM32L1xx_HAL_Driver/Src/stm32l1xx_hal.o
 .debug_aranges
                0x00000000000000a8       0xa8 Drivers/STM32L1xx_HAL_Driver/Src/stm32l1xx_hal_cortex.o
 .debug_aranges
                0x0000000000000150       0x58 Drivers/STM32L1xx_HAL_Driver/Src/stm32l1xx_hal_gpio.o
 .debug_aranges
                0x00000000000001a8       0x90 Drivers/STM32L1xx_HAL_Driver/Src/stm32l1xx_hal_rcc.o
 .debug_aranges
                0x0000000000000238      0x218 Drivers/STM32L1xx_HAL_Driver/Src/stm32l1xx_hal_tim.o
 .debug_aranges
                0x0000000000000450      0x108 Drivers/STM32L1xx_HAL_Driver/Src/stm32l1xx_hal_uart.o
 .debug_aranges
                0x0000000000000558      0x190 Middlewares/Third_Party/FreeRTOS/Source/CMSIS_RTOS/cmsis_os.o
 .debug_aranges
                0x00000000000006e8       0x40 Middlewares/Third_Party/FreeRTOS/Source/list.o
 .debug_aranges
                0x0000000000000728       0x78 Middlewares/Third_Party/FreeRTOS/Source/portable/GCC/ARM_CM3/port.o
 .debug_aranges
                0x00000000000007a0       0x48 Middlewares/Third_Party/FreeRTOS/Source/portable/MemMang/heap_4.o
 .debug_aranges
                0x00000000000007e8      0x170 Middlewares/Third_Party/FreeRTOS/Source/tasks.o
 .debug_aranges
                0x0000000000000958       0x50 Src/main.o
 .debug_aranges
                0x00000000000009a8       0x30 Src/stm32l1xx_hal_msp.o
 .debug_aranges
                0x00000000000009d8       0x30 Src/stm32l1xx_hal_timebase_TIM.o
 .debug_aranges
                0x0000000000000a08       0x50 Src/stm32l1xx_it.o
 .debug_aranges
                0x0000000000000a58       0x28 Src/system_stm32l1xx.o
 .debug_aranges
                0x0000000000000a80       0x28 startup/startup_stm32l152xe.o

.debug_ranges   0x0000000000000000     0x1010
 .debug_ranges  0x0000000000000000       0x98 Drivers/STM32L1xx_HAL_Driver/Src/stm32l1xx_hal.o
 .debug_ranges  0x0000000000000098      0x140 Drivers/STM32L1xx_HAL_Driver/Src/stm32l1xx_hal_cortex.o
 .debug_ranges  0x00000000000001d8       0x68 Drivers/STM32L1xx_HAL_Driver/Src/stm32l1xx_hal_gpio.o
 .debug_ranges  0x0000000000000240      0x2a8 Drivers/STM32L1xx_HAL_Driver/Src/stm32l1xx_hal_rcc.o
 .debug_ranges  0x00000000000004e8      0x310 Drivers/STM32L1xx_HAL_Driver/Src/stm32l1xx_hal_tim.o
 .debug_ranges  0x00000000000007f8      0x140 Drivers/STM32L1xx_HAL_Driver/Src/stm32l1xx_hal_uart.o
 .debug_ranges  0x0000000000000938      0x198 Middlewares/Third_Party/FreeRTOS/Source/CMSIS_RTOS/cmsis_os.o
 .debug_ranges  0x0000000000000ad0       0x30 Middlewares/Third_Party/FreeRTOS/Source/list.o
 .debug_ranges  0x0000000000000b00       0x80 Middlewares/Third_Party/FreeRTOS/Source/portable/GCC/ARM_CM3/port.o
 .debug_ranges  0x0000000000000b80       0x38 Middlewares/Third_Party/FreeRTOS/Source/portable/MemMang/heap_4.o
 .debug_ranges  0x0000000000000bb8      0x288 Middlewares/Third_Party/FreeRTOS/Source/tasks.o
 .debug_ranges  0x0000000000000e40       0xb8 Src/main.o
 .debug_ranges  0x0000000000000ef8       0x58 Src/stm32l1xx_hal_msp.o
 .debug_ranges  0x0000000000000f50       0x48 Src/stm32l1xx_hal_timebase_TIM.o
 .debug_ranges  0x0000000000000f98       0x40 Src/stm32l1xx_it.o
 .debug_ranges  0x0000000000000fd8       0x18 Src/system_stm32l1xx.o
 .debug_ranges  0x0000000000000ff0       0x20 startup/startup_stm32l152xe.o

.debug_line     0x0000000000000000     0x615a
 .debug_line    0x0000000000000000      0x3cc Drivers/STM32L1xx_HAL_Driver/Src/stm32l1xx_hal.o
 .debug_line    0x00000000000003cc      0x4c3 Drivers/STM32L1xx_HAL_Driver/Src/stm32l1xx_hal_cortex.o
 .debug_line    0x000000000000088f      0x457 Drivers/STM32L1xx_HAL_Driver/Src/stm32l1xx_hal_gpio.o
 .debug_line    0x0000000000000ce6      0xa13 Drivers/STM32L1xx_HAL_Driver/Src/stm32l1xx_hal_rcc.o
 .debug_line    0x00000000000016f9     0x1017 Drivers/STM32L1xx_HAL_Driver/Src/stm32l1xx_hal_tim.o
 .debug_line    0x0000000000002710      0xa52 Drivers/STM32L1xx_HAL_Driver/Src/stm32l1xx_hal_uart.o
 .debug_line    0x0000000000003162      0x8b9 Middlewares/Third_Party/FreeRTOS/Source/CMSIS_RTOS/cmsis_os.o
 .debug_line    0x0000000000003a1b      0x337 Middlewares/Third_Party/FreeRTOS/Source/list.o
 .debug_line    0x0000000000003d52      0x2ff Middlewares/Third_Party/FreeRTOS/Source/portable/GCC/ARM_CM3/port.o
 .debug_line    0x0000000000004051      0x3e0 Middlewares/Third_Party/FreeRTOS/Source/portable/MemMang/heap_4.o
 .debug_line    0x0000000000004431      0xb8a Middlewares/Third_Party/FreeRTOS/Source/tasks.o
 .debug_line    0x0000000000004fbb      0x57e Src/main.o
 .debug_line    0x0000000000005539      0x30a Src/stm32l1xx_hal_msp.o
 .debug_line    0x0000000000005843      0x30e Src/stm32l1xx_hal_timebase_TIM.o
 .debug_line    0x0000000000005b51      0x32b Src/stm32l1xx_it.o
 .debug_line    0x0000000000005e7c      0x261 Src/system_stm32l1xx.o
 .debug_line    0x00000000000060dd       0x7d startup/startup_stm32l152xe.o

.debug_str      0x0000000000000000     0x4632
 .debug_str     0x0000000000000000      0xbcc Drivers/STM32L1xx_HAL_Driver/Src/stm32l1xx_hal.o
                                        0xc62 (size before relaxing)
 .debug_str     0x0000000000000bcc      0x3ec Drivers/STM32L1xx_HAL_Driver/Src/stm32l1xx_hal_cortex.o
                                        0xf04 (size before relaxing)
 .debug_str     0x0000000000000fb8      0x1cd Drivers/STM32L1xx_HAL_Driver/Src/stm32l1xx_hal_gpio.o
                                        0x8ba (size before relaxing)
 .debug_str     0x0000000000001185      0x39d Drivers/STM32L1xx_HAL_Driver/Src/stm32l1xx_hal_rcc.o
                                        0xb28 (size before relaxing)
 .debug_str     0x0000000000001522     0x108b Drivers/STM32L1xx_HAL_Driver/Src/stm32l1xx_hal_tim.o
                                       0x177d (size before relaxing)
 .debug_str     0x00000000000025ad      0x51d Drivers/STM32L1xx_HAL_Driver/Src/stm32l1xx_hal_uart.o
                                        0xe28 (size before relaxing)
 .debug_str     0x0000000000002aca      0xb40 Middlewares/Third_Party/FreeRTOS/Source/CMSIS_RTOS/cmsis_os.o
                                       0x11fe (size before relaxing)
 .debug_str     0x000000000000360a      0x159 Middlewares/Third_Party/FreeRTOS/Source/list.o
                                        0x74b (size before relaxing)
 .debug_str     0x0000000000003763      0x20e Middlewares/Third_Party/FreeRTOS/Source/portable/GCC/ARM_CM3/port.o
                                        0x46a (size before relaxing)
 .debug_str     0x0000000000003971      0x1e8 Middlewares/Third_Party/FreeRTOS/Source/portable/MemMang/heap_4.o
                                        0x834 (size before relaxing)
 .debug_str     0x0000000000003b59      0x824 Middlewares/Third_Party/FreeRTOS/Source/tasks.o
                                       0x1246 (size before relaxing)
 .debug_str     0x000000000000437d      0x142 Src/main.o
                                       0x149d (size before relaxing)
 .debug_str     0x00000000000044bf       0x1b Src/stm32l1xx_hal_msp.o
                                        0xe72 (size before relaxing)
 .debug_str     0x00000000000044da       0x61 Src/stm32l1xx_hal_timebase_TIM.o
                                        0xf3f (size before relaxing)
 .debug_str     0x000000000000453b       0x9b Src/stm32l1xx_it.o
                                        0xa8d (size before relaxing)
 .debug_str     0x00000000000045d6       0x5c Src/system_stm32l1xx.o
                                        0x748 (size before relaxing)

.comment        0x0000000000000000       0x7c
 .comment       0x0000000000000000       0x7c Drivers/STM32L1xx_HAL_Driver/Src/stm32l1xx_hal.o
                                         0x7d (size before relaxing)
 .comment       0x000000000000007c       0x7d Drivers/STM32L1xx_HAL_Driver/Src/stm32l1xx_hal_cortex.o
 .comment       0x000000000000007c       0x7d Drivers/STM32L1xx_HAL_Driver/Src/stm32l1xx_hal_gpio.o
 .comment       0x000000000000007c       0x7d Drivers/STM32L1xx_HAL_Driver/Src/stm32l1xx_hal_rcc.o
 .comment       0x000000000000007c       0x7d Drivers/STM32L1xx_HAL_Driver/Src/stm32l1xx_hal_tim.o
 .comment       0x000000000000007c       0x7d Drivers/STM32L1xx_HAL_Driver/Src/stm32l1xx_hal_uart.o
 .comment       0x000000000000007c       0x7d Middlewares/Third_Party/FreeRTOS/Source/CMSIS_RTOS/cmsis_os.o
 .comment       0x000000000000007c       0x7d Middlewares/Third_Party/FreeRTOS/Source/list.o
 .comment       0x000000000000007c       0x7d Middlewares/Third_Party/FreeRTOS/Source/portable/GCC/ARM_CM3/port.o
 .comment       0x000000000000007c       0x7d Middlewares/Third_Party/FreeRTOS/Source/portable/MemMang/heap_4.o
 .comment       0x000000000000007c       0x7d Middlewares/Third_Party/FreeRTOS/Source/tasks.o
 .comment       0x000000000000007c       0x7d Src/main.o
 .comment       0x000000000000007c       0x7d Src/stm32l1xx_hal_msp.o
 .comment       0x000000000000007c       0x7d Src/stm32l1xx_hal_timebase_TIM.o
 .comment       0x000000000000007c       0x7d Src/stm32l1xx_it.o
 .comment       0x000000000000007c       0x7d Src/system_stm32l1xx.o

.debug_frame    0x0000000000000000     0x212c
 .debug_frame   0x0000000000000000      0x164 Drivers/STM32L1xx_HAL_Driver/Src/stm32l1xx_hal.o
 .debug_frame   0x0000000000000164      0x158 Drivers/STM32L1xx_HAL_Driver/Src/stm32l1xx_hal_cortex.o
 .debug_frame   0x00000000000002bc       0xd4 Drivers/STM32L1xx_HAL_Driver/Src/stm32l1xx_hal_gpio.o
 .debug_frame   0x0000000000000390      0x160 Drivers/STM32L1xx_HAL_Driver/Src/stm32l1xx_hal_rcc.o
 .debug_frame   0x00000000000004f0      0x7ec Drivers/STM32L1xx_HAL_Driver/Src/stm32l1xx_hal_tim.o
 .debug_frame   0x0000000000000cdc      0x320 Drivers/STM32L1xx_HAL_Driver/Src/stm32l1xx_hal_uart.o
 .debug_frame   0x0000000000000ffc      0x4d4 Middlewares/Third_Party/FreeRTOS/Source/CMSIS_RTOS/cmsis_os.o
 .debug_frame   0x00000000000014d0       0x6c Middlewares/Third_Party/FreeRTOS/Source/list.o
 .debug_frame   0x000000000000153c       0xe0 Middlewares/Third_Party/FreeRTOS/Source/portable/GCC/ARM_CM3/port.o
 .debug_frame   0x000000000000161c       0x98 Middlewares/Third_Party/FreeRTOS/Source/portable/MemMang/heap_4.o
 .debug_frame   0x00000000000016b4      0x4ac Middlewares/Third_Party/FreeRTOS/Source/tasks.o
 .debug_frame   0x0000000000001b60       0xf4 Src/main.o
 .debug_frame   0x0000000000001c54       0x54 Src/stm32l1xx_hal_msp.o
 .debug_frame   0x0000000000001ca8       0x50 Src/stm32l1xx_hal_timebase_TIM.o
 .debug_frame   0x0000000000001cf8       0x90 Src/stm32l1xx_it.o
 .debug_frame   0x0000000000001d88       0x38 Src/system_stm32l1xx.o
 .debug_frame   0x0000000000001dc0       0x2c /opt/Atollic_TrueSTUDIO_for_STM32_x86_64_9.0.1/ARMTools/bin/../lib/gcc/arm-atollic-eabi/6.3.1/../../../../arm-atollic-eabi/lib/armv7-m/libc_nano.a(lib_a-init.o)
 .debug_frame   0x0000000000001dec       0x28 /opt/Atollic_TrueSTUDIO_for_STM32_x86_64_9.0.1/ARMTools/bin/../lib/gcc/arm-atollic-eabi/6.3.1/../../../../arm-atollic-eabi/lib/armv7-m/libc_nano.a(lib_a-memcpy-stub.o)
 .debug_frame   0x0000000000001e14       0x40 /opt/Atollic_TrueSTUDIO_for_STM32_x86_64_9.0.1/ARMTools/bin/../lib/gcc/arm-atollic-eabi/6.3.1/../../../../arm-atollic-eabi/lib/armv7-m/libc_nano.a(lib_a-vsprintf.o)
 .debug_frame   0x0000000000001e54       0x90 /opt/Atollic_TrueSTUDIO_for_STM32_x86_64_9.0.1/ARMTools/bin/../lib/gcc/arm-atollic-eabi/6.3.1/../../../../arm-atollic-eabi/lib/armv7-m/libc_nano.a(lib_a-nano-svfprintf.o)
 .debug_frame   0x0000000000001ee4       0x60 /opt/Atollic_TrueSTUDIO_for_STM32_x86_64_9.0.1/ARMTools/bin/../lib/gcc/arm-atollic-eabi/6.3.1/../../../../arm-atollic-eabi/lib/armv7-m/libc_nano.a(lib_a-nano-vfprintf_i.o)
 .debug_frame   0x0000000000001f44       0x28 /opt/Atollic_TrueSTUDIO_for_STM32_x86_64_9.0.1/ARMTools/bin/../lib/gcc/arm-atollic-eabi/6.3.1/../../../../arm-atollic-eabi/lib/armv7-m/libc_nano.a(lib_a-memchr-stub.o)
 .debug_frame   0x0000000000001f6c       0x28 /opt/Atollic_TrueSTUDIO_for_STM32_x86_64_9.0.1/ARMTools/bin/../lib/gcc/arm-atollic-eabi/6.3.1/../../../../arm-atollic-eabi/lib/armv7-m/libc_nano.a(lib_a-memmove.o)
 .debug_frame   0x0000000000001f94       0x38 /opt/Atollic_TrueSTUDIO_for_STM32_x86_64_9.0.1/ARMTools/bin/../lib/gcc/arm-atollic-eabi/6.3.1/../../../../arm-atollic-eabi/lib/armv7-m/libc_nano.a(lib_a-nano-freer.o)
 .debug_frame   0x0000000000001fcc       0x2c /opt/Atollic_TrueSTUDIO_for_STM32_x86_64_9.0.1/ARMTools/bin/../lib/gcc/arm-atollic-eabi/6.3.1/../../../../arm-atollic-eabi/lib/armv7-m/libc_nano.a(lib_a-nano-mallocr.o)
 .debug_frame   0x0000000000001ff8       0x3c /opt/Atollic_TrueSTUDIO_for_STM32_x86_64_9.0.1/ARMTools/bin/../lib/gcc/arm-atollic-eabi/6.3.1/../../../../arm-atollic-eabi/lib/armv7-m/libc_nano.a(lib_a-nano-reallocr.o)
 .debug_frame   0x0000000000002034       0x2c /opt/Atollic_TrueSTUDIO_for_STM32_x86_64_9.0.1/ARMTools/bin/../lib/gcc/arm-atollic-eabi/6.3.1/../../../../arm-atollic-eabi/lib/armv7-m/libc_nano.a(lib_a-sbrkr.o)
 .debug_frame   0x0000000000002060       0x30 /opt/Atollic_TrueSTUDIO_for_STM32_x86_64_9.0.1/ARMTools/bin/../lib/gcc/arm-atollic-eabi/6.3.1/../../../../arm-atollic-eabi/lib/armv7-m/libc_nano.a(lib_a-mlock.o)
 .debug_frame   0x0000000000002090       0x20 /opt/Atollic_TrueSTUDIO_for_STM32_x86_64_9.0.1/ARMTools/bin/../lib/gcc/arm-atollic-eabi/6.3.1/../../../../arm-atollic-eabi/lib/armv7-m/libc_nano.a(lib_a-nano-msizer.o)
 .debug_frame   0x00000000000020b0       0x5c /opt/Atollic_TrueSTUDIO_for_STM32_x86_64_9.0.1/ARMTools/bin/../lib/gcc/arm-atollic-eabi/6.3.1/../../../../arm-atollic-eabi/lib/armv7-m/libc_nano.a(lib_a-reent.o)
 .debug_frame   0x000000000000210c       0x20 /opt/Atollic_TrueSTUDIO_for_STM32_x86_64_9.0.1/ARMTools/bin/../lib/gcc/arm-atollic-eabi/6.3.1/../../../../arm-atollic-eabi/lib/armv7-m/libnosys.a(sbrk.o)
